Archive member included to satisfy reference by file (symbol)

/usr/lib/gcc/arm-none-eabi/12.2.0/thumb/v7e-m+dp/hard/libgcc.a(_aeabi_uldivmod.o)
                              CMakeFiles/Orion.elf.dir/__/devices/MIMXRT1062/drivers/fsl_common_arm.c.obj (__aeabi_uldivmod)
/usr/lib/gcc/arm-none-eabi/12.2.0/thumb/v7e-m+dp/hard/libgcc.a(_udivmoddi4.o)
                              /usr/lib/gcc/arm-none-eabi/12.2.0/thumb/v7e-m+dp/hard/libgcc.a(_aeabi_uldivmod.o) (__udivmoddi4)
/usr/lib/gcc/arm-none-eabi/12.2.0/thumb/v7e-m+dp/hard/libgcc.a(_dvmd_tls.o)
                              /usr/lib/gcc/arm-none-eabi/12.2.0/thumb/v7e-m+dp/hard/libgcc.a(_aeabi_uldivmod.o) (__aeabi_ldiv0)
/usr/lib/gcc/arm-none-eabi/12.2.0/../../../../arm-none-eabi/lib/thumb/v7e-m+dp/hard/libc_nano.a(lib_a-atexit.o)
                              /usr/lib/gcc/arm-none-eabi/12.2.0/../../../../arm-none-eabi/lib/thumb/v7e-m+dp/hard/crt0.o (atexit)
/usr/lib/gcc/arm-none-eabi/12.2.0/../../../../arm-none-eabi/lib/thumb/v7e-m+dp/hard/libc_nano.a(lib_a-errno.o)
                              CMakeFiles/Orion.elf.dir/__/devices/MIMXRT1062/utilities/str/fsl_str.c.obj (__errno)
/usr/lib/gcc/arm-none-eabi/12.2.0/../../../../arm-none-eabi/lib/thumb/v7e-m+dp/hard/libc_nano.a(lib_a-exit.o)
                              /usr/lib/gcc/arm-none-eabi/12.2.0/../../../../arm-none-eabi/lib/thumb/v7e-m+dp/hard/crt0.o (exit)
/usr/lib/gcc/arm-none-eabi/12.2.0/../../../../arm-none-eabi/lib/thumb/v7e-m+dp/hard/libc_nano.a(lib_a-fini.o)
                              /usr/lib/gcc/arm-none-eabi/12.2.0/../../../../arm-none-eabi/lib/thumb/v7e-m+dp/hard/crt0.o (__libc_fini_array)
/usr/lib/gcc/arm-none-eabi/12.2.0/../../../../arm-none-eabi/lib/thumb/v7e-m+dp/hard/libc_nano.a(lib_a-impure.o)
                              /usr/lib/gcc/arm-none-eabi/12.2.0/../../../../arm-none-eabi/lib/thumb/v7e-m+dp/hard/libc_nano.a(lib_a-exit.o) (_global_impure_ptr)
/usr/lib/gcc/arm-none-eabi/12.2.0/../../../../arm-none-eabi/lib/thumb/v7e-m+dp/hard/libc_nano.a(lib_a-init.o)
                              /usr/lib/gcc/arm-none-eabi/12.2.0/../../../../arm-none-eabi/lib/thumb/v7e-m+dp/hard/crt0.o (__libc_init_array)
/usr/lib/gcc/arm-none-eabi/12.2.0/../../../../arm-none-eabi/lib/thumb/v7e-m+dp/hard/libc_nano.a(lib_a-malloc.o)
                              CMakeFiles/Orion.elf.dir/__/devices/MIMXRT1062/drivers/fsl_common.c.obj (malloc)
/usr/lib/gcc/arm-none-eabi/12.2.0/../../../../arm-none-eabi/lib/thumb/v7e-m+dp/hard/libc_nano.a(lib_a-memset.o)
                              /usr/lib/gcc/arm-none-eabi/12.2.0/../../../../arm-none-eabi/lib/thumb/v7e-m+dp/hard/crt0.o (memset)
/usr/lib/gcc/arm-none-eabi/12.2.0/../../../../arm-none-eabi/lib/thumb/v7e-m+dp/hard/libc_nano.a(lib_a-nano-freer.o)
                              /usr/lib/gcc/arm-none-eabi/12.2.0/../../../../arm-none-eabi/lib/thumb/v7e-m+dp/hard/libc_nano.a(lib_a-malloc.o) (_free_r)
/usr/lib/gcc/arm-none-eabi/12.2.0/../../../../arm-none-eabi/lib/thumb/v7e-m+dp/hard/libc_nano.a(lib_a-nano-mallocr.o)
                              /usr/lib/gcc/arm-none-eabi/12.2.0/../../../../arm-none-eabi/lib/thumb/v7e-m+dp/hard/libc_nano.a(lib_a-malloc.o) (_malloc_r)
/usr/lib/gcc/arm-none-eabi/12.2.0/../../../../arm-none-eabi/lib/thumb/v7e-m+dp/hard/libc_nano.a(lib_a-sbrkr.o)
                              /usr/lib/gcc/arm-none-eabi/12.2.0/../../../../arm-none-eabi/lib/thumb/v7e-m+dp/hard/libc_nano.a(lib_a-nano-mallocr.o) (_sbrk_r)
/usr/lib/gcc/arm-none-eabi/12.2.0/../../../../arm-none-eabi/lib/thumb/v7e-m+dp/hard/libc_nano.a(lib_a-strlen.o)
                              CMakeFiles/Orion.elf.dir/__/devices/MIMXRT1062/utilities/str/fsl_str.c.obj (strlen)
/usr/lib/gcc/arm-none-eabi/12.2.0/../../../../arm-none-eabi/lib/thumb/v7e-m+dp/hard/libc_nano.a(lib_a-strtoul.o)
                              CMakeFiles/Orion.elf.dir/__/devices/MIMXRT1062/utilities/str/fsl_str.c.obj (strtoul)
/usr/lib/gcc/arm-none-eabi/12.2.0/../../../../arm-none-eabi/lib/thumb/v7e-m+dp/hard/libc_nano.a(lib_a-__atexit.o)
                              /usr/lib/gcc/arm-none-eabi/12.2.0/../../../../arm-none-eabi/lib/thumb/v7e-m+dp/hard/libc_nano.a(lib_a-atexit.o) (__register_exitproc)
/usr/lib/gcc/arm-none-eabi/12.2.0/../../../../arm-none-eabi/lib/thumb/v7e-m+dp/hard/libc_nano.a(lib_a-__call_atexit.o)
                              /usr/lib/gcc/arm-none-eabi/12.2.0/../../../../arm-none-eabi/lib/thumb/v7e-m+dp/hard/libc_nano.a(lib_a-__atexit.o) (__call_exitprocs)
/usr/lib/gcc/arm-none-eabi/12.2.0/../../../../arm-none-eabi/lib/thumb/v7e-m+dp/hard/libc_nano.a(lib_a-ctype_.o)
                              /usr/lib/gcc/arm-none-eabi/12.2.0/../../../../arm-none-eabi/lib/thumb/v7e-m+dp/hard/libc_nano.a(lib_a-strtoul.o) (_ctype_)
/usr/lib/gcc/arm-none-eabi/12.2.0/../../../../arm-none-eabi/lib/thumb/v7e-m+dp/hard/libc_nano.a(lib_a-mlock.o)
                              /usr/lib/gcc/arm-none-eabi/12.2.0/../../../../arm-none-eabi/lib/thumb/v7e-m+dp/hard/libc_nano.a(lib_a-nano-freer.o) (__malloc_lock)
[...]
Memory Configuration

Name             Origin             Length             Attributes
m_interrupts     0x0000000000000000 0x0000000000000400 xr
m_text           0x0000000000000400 0x000000000001fc00 xr
m_data           0x0000000020000000 0x0000000000020000 rw
m_data2          0x0000000020200000 0x00000000000c0000 rw
*default*        0x0000000000000000 0xffffffffffffffff

Linker script and memory map

LOAD /usr/lib/gcc/arm-none-eabi/12.2.0/thumb/v7e-m+dp/hard/crti.o
LOAD /usr/lib/gcc/arm-none-eabi/12.2.0/thumb/v7e-m+dp/hard/crtbegin.o
LOAD /usr/lib/gcc/arm-none-eabi/12.2.0/../../../../arm-none-eabi/lib/thumb/v7e-m+dp/hard/crt0.o
LOAD CMakeFiles/Orion.elf.dir/Orion.cpp.obj
LOAD CMakeFiles/Orion.elf.dir/coreSystem/src/CoreSystem.c.obj
LOAD CMakeFiles/Orion.elf.dir/coreSystem/src/CoreSystemConfiguration.c.obj
LOAD CMakeFiles/Orion.elf.dir/coreSystem/src/CoreSystemServices.c.obj
LOAD CMakeFiles/Orion.elf.dir/coreSystem/src/CoreSystemWatchdog.c.obj
LOAD CMakeFiles/Orion.elf.dir/__/devices/MIMXRT1062/project_template/board.c.obj
LOAD CMakeFiles/Orion.elf.dir/__/devices/MIMXRT1062/project_template/clock_config.c.obj
LOAD CMakeFiles/Orion.elf.dir/__/devices/MIMXRT1062/project_template/pin_mux.c.obj
LOAD CMakeFiles/Orion.elf.dir/__/devices/MIMXRT1062/project_template/dcd.c.obj
LOAD CMakeFiles/Orion.elf.dir/__/devices/MIMXRT1062/drivers/fsl_clock.c.obj
LOAD CMakeFiles/Orion.elf.dir/__/devices/MIMXRT1062/drivers/fsl_common.c.obj
LOAD CMakeFiles/Orion.elf.dir/__/devices/MIMXRT1062/drivers/fsl_common_arm.c.obj
LOAD CMakeFiles/Orion.elf.dir/__/rtos/freertos/freertos-kernel/portable/MemMang/heap_4.c.obj
LOAD CMakeFiles/Orion.elf.dir/__/rtos/freertos/freertos-kernel/croutine.c.obj
LOAD CMakeFiles/Orion.elf.dir/__/rtos/freertos/freertos-kernel/event_groups.c.obj
LOAD CMakeFiles/Orion.elf.dir/__/rtos/freertos/freertos-kernel/list.c.obj
LOAD CMakeFiles/Orion.elf.dir/__/rtos/freertos/freertos-kernel/portable/GCC/ARM_CM4F/port.c.obj
LOAD CMakeFiles/Orion.elf.dir/__/rtos/freertos/freertos-kernel/queue.c.obj
LOAD CMakeFiles/Orion.elf.dir/__/rtos/freertos/freertos-kernel/stream_buffer.c.obj
LOAD CMakeFiles/Orion.elf.dir/__/rtos/freertos/freertos-kernel/tasks.c.obj
LOAD CMakeFiles/Orion.elf.dir/__/rtos/freertos/freertos-kernel/timers.c.obj
LOAD CMakeFiles/Orion.elf.dir/__/devices/MIMXRT1062/utilities/str/fsl_str.c.obj
LOAD CMakeFiles/Orion.elf.dir/__/devices/MIMXRT1062/utilities/debug_console/fsl_debug_console.c.obj
LOAD CMakeFiles/Orion.elf.dir/__/components/serial_manager/fsl_component_serial_manager.c.obj
LOAD CMakeFiles/Orion.elf.dir/__/components/serial_manager/fsl_component_serial_port_uart.c.obj
LOAD CMakeFiles/Orion.elf.dir/__/devices/MIMXRT1062/drivers/fsl_lpuart.c.obj
LOAD CMakeFiles/Orion.elf.dir/__/components/uart/fsl_adapter_lpuart.c.obj
LOAD CMakeFiles/Orion.elf.dir/__/components/lists/fsl_component_generic_list.c.obj
LOAD CMakeFiles/Orion.elf.dir/__/devices/MIMXRT1062/gcc/startup_MIMXRT1062.S.obj
LOAD CMakeFiles/Orion.elf.dir/__/devices/MIMXRT1062/system_MIMXRT1062.c.obj
LOAD CMakeFiles/Orion.elf.dir/__/devices/MIMXRT1062/utilities/fsl_assert.c.obj
LOAD CMakeFiles/Orion.elf.dir/__/devices/MIMXRT1062/drivers/fsl_gpio.c.obj
LOAD CMakeFiles/Orion.elf.dir/__/devices/MIMXRT1062/xip/fsl_flexspi_nor_boot.c.obj
LOAD CMakeFiles/Orion.elf.dir/__/devices/MIMXRT1062/utilities/fsl_sbrk.c.obj
LOAD CMakeFiles/Orion.elf.dir/__/devices/MIMXRT1062/utilities/fsl_memcpy.S.obj
START GROUP
LOAD /usr/lib/gcc/arm-none-eabi/12.2.0/thumb/v7e-m+dp/hard/libgcc.a
LOAD /usr/lib/gcc/arm-none-eabi/12.2.0/../../../../arm-none-eabi/lib/thumb/v7e-m+dp/hard/libnosys.a
END GROUP
LOAD /usr/lib/gcc/arm-none-eabi/12.2.0/../../../../arm-none-eabi/lib/thumb/v7e-m+dp/hard/libstdc++_nano.a
LOAD /usr/lib/gcc/arm-none-eabi/12.2.0/../../../../arm-none-eabi/lib/thumb/v7e-m+dp/hard/libm.a
LOAD /usr/lib/gcc/arm-none-eabi/12.2.0/../../../../arm-none-eabi/lib/thumb/v7e-m+dp/hard/libc_nano.a
START GROUP
LOAD /usr/lib/gcc/arm-none-eabi/12.2.0/thumb/v7e-m+dp/hard/libgcc.a
LOAD /usr/lib/gcc/arm-none-eabi/12.2.0/../../../../arm-none-eabi/lib/thumb/v7e-m+dp/hard/libg_nano.a
LOAD /usr/lib/gcc/arm-none-eabi/12.2.0/../../../../arm-none-eabi/lib/thumb/v7e-m+dp/hard/libc_nano.a
END GROUP
START GROUP
LOAD /usr/lib/gcc/arm-none-eabi/12.2.0/thumb/v7e-m+dp/hard/libgcc.a
LOAD /usr/lib/gcc/arm-none-eabi/12.2.0/../../../../arm-none-eabi/lib/thumb/v7e-m+dp/hard/libc_nano.a
LOAD /usr/lib/gcc/arm-none-eabi/12.2.0/../../../../arm-none-eabi/lib/thumb/v7e-m+dp/hard/libnosys.a
END GROUP
START GROUP
LOAD /usr/lib/gcc/arm-none-eabi/12.2.0/thumb/v7e-m+dp/hard/libgcc.a
LOAD /usr/lib/gcc/arm-none-eabi/12.2.0/../../../../arm-none-eabi/lib/thumb/v7e-m+dp/hard/libc_nano.a
LOAD /usr/lib/gcc/arm-none-eabi/12.2.0/../../../../arm-none-eabi/lib/thumb/v7e-m+dp/hard/libnosys.a
END GROUP
LOAD /usr/lib/gcc/arm-none-eabi/12.2.0/thumb/v7e-m+dp/hard/crtend.o
LOAD /usr/lib/gcc/arm-none-eabi/12.2.0/thumb/v7e-m+dp/hard/crtn.o
                0x0000000000000400                HEAP_SIZE = DEFINED (__heap_size__)?__heap_size__:0x400
                0x0000000000000400                STACK_SIZE = DEFINED (__stack_size__)?__stack_size__:0x400
                0x0000000020200000                __NCACHE_REGION_START = ORIGIN (m_data2)
                0x0000000000000000                __NCACHE_REGION_SIZE = 0x0

.interrupts     0x0000000000000000      0x400
                0x0000000000000000                __VECTOR_TABLE = .
                0x0000000000000000                __Vectors = .
                0x0000000000000000                . = ALIGN (0x4)
 *(.isr_vector)
 .isr_vector    0x0000000000000000      0x400 CMakeFiles/Orion.elf.dir/__/devices/MIMXRT1062/gcc/startup_MIMXRT1062.S.obj
                0x0000000000000000                __isr_vector
                0x0000000000000400                . = ALIGN (0x4)

.text           0x0000000000000400     0x6d60
                0x0000000000000400                . = ALIGN (0x4)
 *(.text)
 .text          0x0000000000000400       0x88 /usr/lib/gcc/arm-none-eabi/12.2.0/thumb/v7e-m+dp/hard/crtbegin.o
 .text          0x0000000000000488       0x70 /usr/lib/gcc/arm-none-eabi/12.2.0/../../../../arm-none-eabi/lib/thumb/v7e-m+dp/hard/crt0.o
                0x0000000000000488                _stack_init
                0x0000000000000490                _mainCRTStartup
                0x0000000000000490                _start
 .text          0x00000000000004f8      0x258 CMakeFiles/Orion.elf.dir/__/devices/MIMXRT1062/gcc/startup_MIMXRT1062.S.obj
                0x00000000000004f8                Reset_Handler
                0x0000000000000584                USB_PHY1_IRQHandler
                0x0000000000000584                FLEXSPI2_DriverIRQHandler
                0x0000000000000584                LPSPI2_DriverIRQHandler
                0x0000000000000584                SJC_IRQHandler
                0x0000000000000584                ADC_ETC_IRQ0_IRQHandler
                0x0000000000000584                DebugMon_Handler
                0x0000000000000584                SAI3_RX_DriverIRQHandler
                0x0000000000000584                PXP_IRQHandler
                0x0000000000000584                DMA13_DMA29_DriverIRQHandler
                0x0000000000000584                Reserved86_IRQHandler
                0x0000000000000584                SRC_IRQHandler
                0x0000000000000584                LPSPI4_DriverIRQHandler
                0x0000000000000584                GPIO2_Combined_0_15_IRQHandler
                0x0000000000000584                SPDIF_DriverIRQHandler
                0x0000000000000584                GPIO1_INT2_IRQHandler
                0x0000000000000584                CSI_IRQHandler
                0x0000000000000584                ENET2_DriverIRQHandler
                0x0000000000000584                SNVS_LP_WRAPPER_IRQHandler
                0x0000000000000584                ENC2_IRQHandler
                0x0000000000000584                PWM2_2_IRQHandler
                0x0000000000000584                PWM4_FAULT_IRQHandler
                0x0000000000000584                GPIO1_INT7_IRQHandler
                0x0000000000000584                CCM_1_IRQHandler
                0x0000000000000584                CAN3_DriverIRQHandler
                0x0000000000000584                ADC_ETC_IRQ1_IRQHandler
                0x0000000000000584                DMA7_DMA23_DriverIRQHandler
                0x0000000000000584                CTI0_ERROR_IRQHandler
                0x0000000000000584                GPIO5_Combined_0_15_IRQHandler
                0x0000000000000584                PWM1_0_IRQHandler
                0x0000000000000584                Reserved68_IRQHandler
                0x0000000000000584                LPI2C3_DriverIRQHandler
                0x0000000000000584                USB_PHY2_IRQHandler
                0x0000000000000584                TSC_DIG_IRQHandler
                0x0000000000000584                GPIO4_Combined_0_15_IRQHandler
                0x0000000000000584                PWM2_0_IRQHandler
                0x0000000000000584                DCP_VMI_IRQHandler
                0x0000000000000584                DMA14_DMA30_DriverIRQHandler
                0x0000000000000584                ENET_1588_Timer_DriverIRQHandler
                0x0000000000000584                PWM2_1_IRQHandler
                0x0000000000000584                PWM2_FAULT_IRQHandler
                0x0000000000000584                FLEXIO2_DriverIRQHandler
                0x0000000000000584                UsageFault_Handler
                0x0000000000000584                WDOG1_IRQHandler
                0x0000000000000584                PMU_EVENT_IRQHandler
                0x0000000000000584                GPT1_IRQHandler
                0x0000000000000584                PWM4_1_IRQHandler
                0x0000000000000584                USB_OTG2_IRQHandler
                0x0000000000000584                ACMP4_IRQHandler
                0x0000000000000584                SEMC_IRQHandler
                0x0000000000000584                DMA0_DMA16_DriverIRQHandler
                0x0000000000000584                DefaultISR
                0x0000000000000584                PWM1_1_IRQHandler
                0x0000000000000584                DMA2_DMA18_DriverIRQHandler
                0x0000000000000584                PWM3_0_IRQHandler
                0x0000000000000584                USDHC1_DriverIRQHandler
                0x0000000000000584                PWM3_3_IRQHandler
                0x0000000000000584                GPIO1_INT0_IRQHandler
                0x0000000000000584                CSU_IRQHandler
                0x0000000000000584                ADC1_IRQHandler
                0x0000000000000584                FLEXIO1_DriverIRQHandler
                0x0000000000000584                ENET_DriverIRQHandler
                0x0000000000000584                GPIO1_Combined_16_31_IRQHandler
                0x0000000000000584                RTWDOG_IRQHandler
                0x0000000000000584                Reserved78_IRQHandler
                0x0000000000000584                SAI1_DriverIRQHandler
                0x0000000000000584                DMA12_DMA28_DriverIRQHandler
                0x0000000000000584                ENC3_IRQHandler
                0x0000000000000584                GPIO3_Combined_16_31_IRQHandler
                0x0000000000000584                EWM_IRQHandler
                0x0000000000000584                TEMP_LOW_HIGH_IRQHandler
                0x0000000000000584                WDOG2_IRQHandler
                0x0000000000000584                GPIO1_INT5_IRQHandler
                0x0000000000000584                FLEXSPI_DriverIRQHandler
                0x0000000000000584                PWM3_1_IRQHandler
                0x0000000000000584                PWM2_3_IRQHandler
                0x0000000000000584                CORE_IRQHandler
                0x0000000000000584                DMA10_DMA26_DriverIRQHandler
                0x0000000000000584                TEMP_PANIC_IRQHandler
                0x0000000000000584                GPIO1_INT6_IRQHandler
                0x0000000000000584                PWM1_2_IRQHandler
                0x0000000000000584                Reserved144_IRQHandler
                0x0000000000000584                GPR_IRQ_IRQHandler
                0x0000000000000584                GPC_IRQHandler
                0x0000000000000584                DCDC_IRQHandler
                0x0000000000000584                GPIO3_Combined_0_15_IRQHandler
                0x0000000000000584                PWM4_3_IRQHandler
                0x0000000000000584                DMA1_DMA17_DriverIRQHandler
                0x0000000000000584                USB_OTG1_IRQHandler
                0x0000000000000584                CAN2_DriverIRQHandler
                0x0000000000000584                GPIO5_Combined_16_31_IRQHandler
                0x0000000000000584                TMR2_IRQHandler
                0x0000000000000584                ADC_ETC_ERROR_IRQ_IRQHandler
                0x0000000000000584                DMA8_DMA24_DriverIRQHandler
                0x0000000000000584                PWM4_2_IRQHandler
                0x0000000000000584                DMA6_DMA22_DriverIRQHandler
                0x0000000000000584                BEE_IRQHandler
                0x0000000000000584                GPIO1_INT1_IRQHandler
                0x0000000000000584                ADC_ETC_IRQ2_IRQHandler
                0x0000000000000584                GPIO1_INT4_IRQHandler
                0x0000000000000584                CCM_2_IRQHandler
                0x0000000000000584                KPP_IRQHandler
                0x0000000000000584                ADC2_IRQHandler
                0x0000000000000584                USDHC2_DriverIRQHandler
                0x0000000000000584                GPIO10_Combined_0_31_IRQHandler
                0x0000000000000584                MemManage_Handler
                0x0000000000000584                SAI2_DriverIRQHandler
                0x0000000000000584                PIT_IRQHandler
                0x0000000000000584                Reserved115_IRQHandler
                0x0000000000000584                SNVS_HP_WRAPPER_IRQHandler
                0x0000000000000584                DMA11_DMA27_DriverIRQHandler
                0x0000000000000584                XBAR1_IRQ_2_3_IRQHandler
                0x0000000000000584                PWM3_2_IRQHandler
                0x0000000000000584                LPI2C1_DriverIRQHandler
                0x0000000000000584                DCP_IRQHandler
                0x0000000000000584                ENET2_1588_Timer_DriverIRQHandler
                0x0000000000000584                Reserved171_IRQHandler
                0x0000000000000584                DMA4_DMA20_DriverIRQHandler
                0x0000000000000584                GPIO1_INT3_IRQHandler
                0x0000000000000584                DMA9_DMA25_DriverIRQHandler
                0x0000000000000584                GPIO1_Combined_0_15_IRQHandler
                0x0000000000000584                LPSPI1_DriverIRQHandler
                0x0000000000000584                DMA3_DMA19_DriverIRQHandler
                0x0000000000000584                TMR4_IRQHandler
                0x0000000000000584                ACMP3_IRQHandler
                0x0000000000000584                ENC1_IRQHandler
                0x0000000000000584                PWM1_FAULT_IRQHandler
                0x0000000000000584                Reserved143_IRQHandler
                0x0000000000000584                GPIO6_7_8_9_IRQHandler
                0x0000000000000584                GPIO2_Combined_16_31_IRQHandler
                0x0000000000000584                LPI2C4_DriverIRQHandler
                0x0000000000000584                TMR3_IRQHandler
                0x0000000000000584                XBAR1_IRQ_0_1_IRQHandler
                0x0000000000000584                SNVS_HP_WRAPPER_TZ_IRQHandler
                0x0000000000000584                SAI3_TX_DriverIRQHandler
                0x0000000000000584                FLEXIO3_DriverIRQHandler
                0x0000000000000584                ACMP2_IRQHandler
                0x0000000000000584                GPT2_IRQHandler
                0x0000000000000584                FLEXRAM_IRQHandler
                0x0000000000000584                DMA5_DMA21_DriverIRQHandler
                0x0000000000000584                ACMP1_IRQHandler
                0x0000000000000584                BusFault_Handler
                0x0000000000000584                DMA15_DMA31_DriverIRQHandler
                0x0000000000000584                GPIO4_Combined_16_31_IRQHandler
                0x0000000000000584                LPSPI3_DriverIRQHandler
                0x0000000000000584                ENC4_IRQHandler
                0x0000000000000584                LPI2C2_DriverIRQHandler
                0x0000000000000584                DMA_ERROR_DriverIRQHandler
                0x0000000000000584                PWM4_0_IRQHandler
                0x0000000000000584                CAN1_DriverIRQHandler
                0x0000000000000584                TMR1_IRQHandler
                0x0000000000000584                TRNG_IRQHandler
                0x0000000000000584                LCDIF_IRQHandler
                0x0000000000000584                PWM3_FAULT_IRQHandler
                0x0000000000000584                CTI1_ERROR_IRQHandler
                0x0000000000000584                PWM1_3_IRQHandler
                0x0000000000000588                NMI_Handler
                0x000000000000058c                HardFault_Handler
                0x000000000000059c                DMA0_DMA16_IRQHandler
                0x00000000000005a0                DMA1_DMA17_IRQHandler
                0x00000000000005a4                DMA2_DMA18_IRQHandler
                0x00000000000005a8                DMA3_DMA19_IRQHandler
                0x00000000000005ac                DMA4_DMA20_IRQHandler
                0x00000000000005b0                DMA5_DMA21_IRQHandler
                0x00000000000005b4                DMA6_DMA22_IRQHandler
                0x00000000000005b8                DMA7_DMA23_IRQHandler
                0x00000000000005bc                DMA8_DMA24_IRQHandler
                0x00000000000005c0                DMA9_DMA25_IRQHandler
                0x00000000000005c4                DMA10_DMA26_IRQHandler
                0x00000000000005c8                DMA11_DMA27_IRQHandler
                0x00000000000005cc                DMA12_DMA28_IRQHandler
                0x00000000000005d0                DMA13_DMA29_IRQHandler
                0x00000000000005d4                DMA14_DMA30_IRQHandler
                0x00000000000005d8                DMA15_DMA31_IRQHandler
                0x00000000000005dc                DMA_ERROR_IRQHandler
                0x00000000000005e0                LPUART1_IRQHandler
                0x00000000000005e4                LPUART2_IRQHandler
                0x00000000000005e8                LPUART3_IRQHandler
                0x00000000000005ec                LPUART4_IRQHandler
                0x00000000000005f0                LPUART5_IRQHandler
                0x00000000000005f4                LPUART6_IRQHandler
                0x00000000000005f8                LPUART7_IRQHandler
                0x00000000000005fc                LPUART8_IRQHandler
                0x0000000000000600                LPI2C1_IRQHandler
                0x0000000000000604                LPI2C2_IRQHandler
                0x0000000000000608                LPI2C3_IRQHandler
                0x000000000000060c                LPI2C4_IRQHandler
                0x0000000000000610                LPSPI1_IRQHandler
                0x0000000000000614                LPSPI2_IRQHandler
                0x0000000000000618                LPSPI3_IRQHandler
                0x000000000000061c                LPSPI4_IRQHandler
                0x0000000000000620                CAN1_IRQHandler
                0x0000000000000624                CAN2_IRQHandler
                0x0000000000000628                SAI1_IRQHandler
                0x000000000000062c                SAI2_IRQHandler
                0x0000000000000630                SAI3_RX_IRQHandler
                0x0000000000000634                SAI3_TX_IRQHandler
                0x0000000000000638                SPDIF_IRQHandler
                0x000000000000063c                FLEXIO1_IRQHandler
                0x0000000000000640                FLEXIO2_IRQHandler
                0x0000000000000644                FLEXSPI2_IRQHandler
                0x0000000000000648                FLEXSPI_IRQHandler
                0x000000000000064c                USDHC1_IRQHandler
                0x0000000000000650                USDHC2_IRQHandler
                0x0000000000000654                ENET_IRQHandler
                0x0000000000000658                ENET_1588_Timer_IRQHandler
                0x000000000000065c                ENET2_IRQHandler
                0x0000000000000660                ENET2_1588_Timer_IRQHandler
                0x0000000000000664                CAN3_IRQHandler
                0x0000000000000668                FLEXIO3_IRQHandler
 .text          0x0000000000000750       0xa0 CMakeFiles/Orion.elf.dir/__/devices/MIMXRT1062/utilities/fsl_memcpy.S.obj
                0x0000000000000750                memcpy
 .text          0x00000000000007f0       0x10 /usr/lib/gcc/arm-none-eabi/12.2.0/../../../../arm-none-eabi/lib/thumb/v7e-m+dp/hard/libc_nano.a(lib_a-strlen.o)
                0x00000000000007f0                strlen
 *(.text*)
 .text.main     0x0000000000000800       0x68 CMakeFiles/Orion.elf.dir/Orion.cpp.obj
                0x0000000000000800                main
 .text.CoreSystemInitialization
                0x0000000000000868       0x6a CMakeFiles/Orion.elf.dir/coreSystem/src/CoreSystem.c.obj
                0x0000000000000868                CoreSystemInitialization
 *fill*         0x00000000000008d2        0x2 
 .text.SetWatchdog
                0x00000000000008d4       0x34 CMakeFiles/Orion.elf.dir/coreSystem/src/CoreSystemConfiguration.c.obj
                0x00000000000008d4                SetWatchdog
 .text.GetWatchdog
                0x0000000000000908       0x18 CMakeFiles/Orion.elf.dir/coreSystem/src/CoreSystemConfiguration.c.obj
                0x0000000000000908                GetWatchdog
 .text.GetServiceHandle
                0x0000000000000920       0x24 CMakeFiles/Orion.elf.dir/coreSystem/src/CoreSystemConfiguration.c.obj
                0x0000000000000920                GetServiceHandle
 .text.SetServiceSemaphore
                0x0000000000000944       0x54 CMakeFiles/Orion.elf.dir/coreSystem/src/CoreSystemConfiguration.c.obj
                0x0000000000000944                SetServiceSemaphore
 .text.GetServiceSemaphore
                0x0000000000000998       0x28 CMakeFiles/Orion.elf.dir/coreSystem/src/CoreSystemConfiguration.c.obj
                0x0000000000000998                GetServiceSemaphore
 .text.SetWatchdogMutex
                0x00000000000009c0       0x30 CMakeFiles/Orion.elf.dir/coreSystem/src/CoreSystemConfiguration.c.obj
                0x00000000000009c0                SetWatchdogMutex
 .text.GetWatchdogMutex
                0x00000000000009f0       0x18 CMakeFiles/Orion.elf.dir/coreSystem/src/CoreSystemConfiguration.c.obj
                0x00000000000009f0                GetWatchdogMutex
 .text.CreateSystemServices
                0x0000000000000a08      0x124 CMakeFiles/Orion.elf.dir/coreSystem/src/CoreSystemServices.c.obj
                0x0000000000000a08                CreateSystemServices
 .text.Service1
                0x0000000000000b2c       0x58 CMakeFiles/Orion.elf.dir/coreSystem/src/CoreSystemServices.c.obj
                0x0000000000000b2c                Service1
 .text.Service2
                0x0000000000000b84       0x58 CMakeFiles/Orion.elf.dir/coreSystem/src/CoreSystemServices.c.obj
                0x0000000000000b84                Service2
 .text.Service3
                0x0000000000000bdc       0x58 CMakeFiles/Orion.elf.dir/coreSystem/src/CoreSystemServices.c.obj
                0x0000000000000bdc                Service3
 .text.Service4
                0x0000000000000c34       0x58 CMakeFiles/Orion.elf.dir/coreSystem/src/CoreSystemServices.c.obj
                0x0000000000000c34                Service4
 .text.Service5
                0x0000000000000c8c       0x58 CMakeFiles/Orion.elf.dir/coreSystem/src/CoreSystemServices.c.obj
                0x0000000000000c8c                Service5
 .text.Service6
                0x0000000000000ce4       0x58 CMakeFiles/Orion.elf.dir/coreSystem/src/CoreSystemServices.c.obj
                0x0000000000000ce4                Service6
 .text.SetServiceWatchdogBit
                0x0000000000000d3c       0x3e CMakeFiles/Orion.elf.dir/coreSystem/src/CoreSystemWatchdog.c.obj
                0x0000000000000d3c                SetServiceWatchdogBit
 *fill*         0x0000000000000d7a        0x2 
 .text.ARM_MPU_Enable
                0x0000000000000d7c       0x44 CMakeFiles/Orion.elf.dir/__/devices/MIMXRT1062/project_template/board.c.obj
 .text.ARM_MPU_Disable
                0x0000000000000dc0       0x40 CMakeFiles/Orion.elf.dir/__/devices/MIMXRT1062/project_template/board.c.obj
 .text.CLOCK_GetMux
                0x0000000000000e00       0x44 CMakeFiles/Orion.elf.dir/__/devices/MIMXRT1062/project_template/board.c.obj
 .text.CLOCK_GetDiv
                0x0000000000000e44       0x44 CMakeFiles/Orion.elf.dir/__/devices/MIMXRT1062/project_template/board.c.obj
 .text.CLOCK_GetOscFreq
                0x0000000000000e88       0x30 CMakeFiles/Orion.elf.dir/__/devices/MIMXRT1062/project_template/board.c.obj
 .text.BOARD_DebugConsoleSrcFreq
                0x0000000000000eb8       0x64 CMakeFiles/Orion.elf.dir/__/devices/MIMXRT1062/project_template/board.c.obj
                0x0000000000000eb8                BOARD_DebugConsoleSrcFreq
 .text.BOARD_InitDebugConsole
                0x0000000000000f1c       0x22 CMakeFiles/Orion.elf.dir/__/devices/MIMXRT1062/project_template/board.c.obj
                0x0000000000000f1c                BOARD_InitDebugConsole
 *fill*         0x0000000000000f3e        0x2 
 .text.BOARD_ConfigMPU
                0x0000000000000f40      0x294 CMakeFiles/Orion.elf.dir/__/devices/MIMXRT1062/project_template/board.c.obj
                0x0000000000000f40                BOARD_ConfigMPU
 .text._SDK_AtomicLocalClearAndSet4Byte
                0x00000000000011d4       0x50 CMakeFiles/Orion.elf.dir/__/devices/MIMXRT1062/project_template/clock_config.c.obj
 .text.CLOCK_SetMux
                0x0000000000001224       0xac CMakeFiles/Orion.elf.dir/__/devices/MIMXRT1062/project_template/clock_config.c.obj
 .text.CLOCK_SetDiv
                0x00000000000012d0       0xac CMakeFiles/Orion.elf.dir/__/devices/MIMXRT1062/project_template/clock_config.c.obj
 .text.CLOCK_ControlGate
                0x000000000000137c       0x70 CMakeFiles/Orion.elf.dir/__/devices/MIMXRT1062/project_template/clock_config.c.obj
 .text.CLOCK_DisableClock
                0x00000000000013ec       0x1e CMakeFiles/Orion.elf.dir/__/devices/MIMXRT1062/project_template/clock_config.c.obj
 *fill*         0x000000000000140a        0x2 
 .text.CLOCK_SetXtalFreq
                0x000000000000140c       0x20 CMakeFiles/Orion.elf.dir/__/devices/MIMXRT1062/project_template/clock_config.c.obj
 .text.CLOCK_SetPllBypass
                0x000000000000142c       0x4e CMakeFiles/Orion.elf.dir/__/devices/MIMXRT1062/project_template/clock_config.c.obj
 .text.IOMUXC_SetSaiMClkClockSource
                0x000000000000147a       0x6c CMakeFiles/Orion.elf.dir/__/devices/MIMXRT1062/project_template/clock_config.c.obj
 *fill*         0x00000000000014e6        0x2 
 .text.IOMUXC_MQSConfig
                0x00000000000014e8       0x44 CMakeFiles/Orion.elf.dir/__/devices/MIMXRT1062/project_template/clock_config.c.obj
 .text.BOARD_InitBootClocks
                0x000000000000152c        0xc CMakeFiles/Orion.elf.dir/__/devices/MIMXRT1062/project_template/clock_config.c.obj
                0x000000000000152c                BOARD_InitBootClocks
 .text.BOARD_BootClockRUN
                0x0000000000001538      0x654 CMakeFiles/Orion.elf.dir/__/devices/MIMXRT1062/project_template/clock_config.c.obj
                0x0000000000001538                BOARD_BootClockRUN
 .text.BOARD_InitBootPins
                0x0000000000001b8c        0xc CMakeFiles/Orion.elf.dir/__/devices/MIMXRT1062/project_template/pin_mux.c.obj
                0x0000000000001b8c                BOARD_InitBootPins
 .text.BOARD_InitPins
                0x0000000000001b98        0xe CMakeFiles/Orion.elf.dir/__/devices/MIMXRT1062/project_template/pin_mux.c.obj
                0x0000000000001b98                BOARD_InitPins
 *fill*         0x0000000000001ba6        0x2 
 .text.CLOCK_GetOscFreq
                0x0000000000001ba8       0x30 CMakeFiles/Orion.elf.dir/__/devices/MIMXRT1062/drivers/fsl_clock.c.obj
 .text.CLOCK_IsPllBypassed
                0x0000000000001bd8       0x32 CMakeFiles/Orion.elf.dir/__/devices/MIMXRT1062/drivers/fsl_clock.c.obj
 .text.CLOCK_IsPllEnabled
                0x0000000000001c0a       0x3c CMakeFiles/Orion.elf.dir/__/devices/MIMXRT1062/drivers/fsl_clock.c.obj
 .text.CLOCK_GetPllBypassRefClk
                0x0000000000001c46       0x34 CMakeFiles/Orion.elf.dir/__/devices/MIMXRT1062/drivers/fsl_clock.c.obj
 *fill*         0x0000000000001c7a        0x2 
 .text.CLOCK_InitExternalClk
                0x0000000000001c7c       0x78 CMakeFiles/Orion.elf.dir/__/devices/MIMXRT1062/drivers/fsl_clock.c.obj
                0x0000000000001c7c                CLOCK_InitExternalClk
 .text.CLOCK_SwitchOsc
                0x0000000000001cf4       0x34 CMakeFiles/Orion.elf.dir/__/devices/MIMXRT1062/drivers/fsl_clock.c.obj
                0x0000000000001cf4                CLOCK_SwitchOsc
 .text.CLOCK_InitRcOsc24M
                0x0000000000001d28       0x24 CMakeFiles/Orion.elf.dir/__/devices/MIMXRT1062/drivers/fsl_clock.c.obj
                0x0000000000001d28                CLOCK_InitRcOsc24M
 .text.CLOCK_InitArmPll
                0x0000000000001d4c       0x68 CMakeFiles/Orion.elf.dir/__/devices/MIMXRT1062/drivers/fsl_clock.c.obj
                0x0000000000001d4c                CLOCK_InitArmPll
 .text.CLOCK_InitSysPll
                0x0000000000001db4       0x9c CMakeFiles/Orion.elf.dir/__/devices/MIMXRT1062/drivers/fsl_clock.c.obj
                0x0000000000001db4                CLOCK_InitSysPll
 .text.CLOCK_DeinitUsb1Pll
                0x0000000000001e50       0x18 CMakeFiles/Orion.elf.dir/__/devices/MIMXRT1062/drivers/fsl_clock.c.obj
                0x0000000000001e50                CLOCK_DeinitUsb1Pll
 .text.CLOCK_DeinitUsb2Pll
                0x0000000000001e68       0x18 CMakeFiles/Orion.elf.dir/__/devices/MIMXRT1062/drivers/fsl_clock.c.obj
                0x0000000000001e68                CLOCK_DeinitUsb2Pll
 .text.CLOCK_DeinitAudioPll
                0x0000000000001e80       0x1c CMakeFiles/Orion.elf.dir/__/devices/MIMXRT1062/drivers/fsl_clock.c.obj
                0x0000000000001e80                CLOCK_DeinitAudioPll
 .text.CLOCK_DeinitVideoPll
                0x0000000000001e9c       0x1c CMakeFiles/Orion.elf.dir/__/devices/MIMXRT1062/drivers/fsl_clock.c.obj
                0x0000000000001e9c                CLOCK_DeinitVideoPll
 .text.CLOCK_InitEnetPll
                0x0000000000001eb8       0xb0 CMakeFiles/Orion.elf.dir/__/devices/MIMXRT1062/drivers/fsl_clock.c.obj
                0x0000000000001eb8                CLOCK_InitEnetPll
 .text.CLOCK_GetPllFreq
                0x0000000000001f68      0x400 CMakeFiles/Orion.elf.dir/__/devices/MIMXRT1062/drivers/fsl_clock.c.obj
                0x0000000000001f68                CLOCK_GetPllFreq
 .text.CLOCK_InitSysPfd
                0x0000000000002368       0x64 CMakeFiles/Orion.elf.dir/__/devices/MIMXRT1062/drivers/fsl_clock.c.obj
                0x0000000000002368                CLOCK_InitSysPfd
 .text.pvPortMalloc
                0x00000000000023cc      0x178 CMakeFiles/Orion.elf.dir/__/rtos/freertos/freertos-kernel/portable/MemMang/heap_4.c.obj
                0x00000000000023cc                pvPortMalloc
 .text.vPortFree
                0x0000000000002544       0xbc CMakeFiles/Orion.elf.dir/__/rtos/freertos/freertos-kernel/portable/MemMang/heap_4.c.obj
                0x0000000000002544                vPortFree
 .text.prvHeapInit
                0x0000000000002600       0xb8 CMakeFiles/Orion.elf.dir/__/rtos/freertos/freertos-kernel/portable/MemMang/heap_4.c.obj
 .text.prvInsertBlockIntoFreeList
                0x00000000000026b8       0xb4 CMakeFiles/Orion.elf.dir/__/rtos/freertos/freertos-kernel/portable/MemMang/heap_4.c.obj
 .text.vListInitialise
                0x000000000000276c       0x40 CMakeFiles/Orion.elf.dir/__/rtos/freertos/freertos-kernel/list.c.obj
                0x000000000000276c                vListInitialise
 .text.vListInitialiseItem
                0x00000000000027ac       0x1a CMakeFiles/Orion.elf.dir/__/rtos/freertos/freertos-kernel/list.c.obj
                0x00000000000027ac                vListInitialiseItem
 .text.vListInsert
                0x00000000000027c6       0x72 CMakeFiles/Orion.elf.dir/__/rtos/freertos/freertos-kernel/list.c.obj
                0x00000000000027c6                vListInsert
 .text.uxListRemove
                0x0000000000002838       0x54 CMakeFiles/Orion.elf.dir/__/rtos/freertos/freertos-kernel/list.c.obj
                0x0000000000002838                uxListRemove
 .text.pxPortInitialiseStack
                0x000000000000288c       0x68 CMakeFiles/Orion.elf.dir/__/rtos/freertos/freertos-kernel/portable/GCC/ARM_CM4F/port.c.obj
                0x000000000000288c                pxPortInitialiseStack
 .text.prvTaskExitError
                0x00000000000028f4       0x5c CMakeFiles/Orion.elf.dir/__/rtos/freertos/freertos-kernel/portable/GCC/ARM_CM4F/port.c.obj
 .text.SVC_Handler
                0x0000000000002950       0x28 CMakeFiles/Orion.elf.dir/__/rtos/freertos/freertos-kernel/portable/GCC/ARM_CM4F/port.c.obj
                0x0000000000002950                SVC_Handler
 .text.prvPortStartFirstTask
                0x0000000000002978       0x2c CMakeFiles/Orion.elf.dir/__/rtos/freertos/freertos-kernel/portable/GCC/ARM_CM4F/port.c.obj
 .text.xPortStartScheduler
                0x00000000000029a4      0x148 CMakeFiles/Orion.elf.dir/__/rtos/freertos/freertos-kernel/portable/GCC/ARM_CM4F/port.c.obj
                0x00000000000029a4                xPortStartScheduler
 .text.vPortEnterCritical
                0x0000000000002aec       0x64 CMakeFiles/Orion.elf.dir/__/rtos/freertos/freertos-kernel/portable/GCC/ARM_CM4F/port.c.obj
                0x0000000000002aec                vPortEnterCritical
 .text.vPortExitCritical
                0x0000000000002b50       0x54 CMakeFiles/Orion.elf.dir/__/rtos/freertos/freertos-kernel/portable/GCC/ARM_CM4F/port.c.obj
                0x0000000000002b50                vPortExitCritical
 *fill*         0x0000000000002ba4        0xc 
 .text.PendSV_Handler
                0x0000000000002bb0       0x68 CMakeFiles/Orion.elf.dir/__/rtos/freertos/freertos-kernel/portable/GCC/ARM_CM4F/port.c.obj
                0x0000000000002bb0                PendSV_Handler
 .text.SysTick_Handler
                0x0000000000002c18       0x44 CMakeFiles/Orion.elf.dir/__/rtos/freertos/freertos-kernel/portable/GCC/ARM_CM4F/port.c.obj
                0x0000000000002c18                SysTick_Handler
 .text.vPortSetupTimerInterrupt
                0x0000000000002c5c       0x48 CMakeFiles/Orion.elf.dir/__/rtos/freertos/freertos-kernel/portable/GCC/ARM_CM4F/port.c.obj
                0x0000000000002c5c                vPortSetupTimerInterrupt
 .text.vPortEnableVFP
                0x0000000000002ca4       0x18 CMakeFiles/Orion.elf.dir/__/rtos/freertos/freertos-kernel/portable/GCC/ARM_CM4F/port.c.obj
 .text.xQueueGenericReset
                0x0000000000002cbc      0x124 CMakeFiles/Orion.elf.dir/__/rtos/freertos/freertos-kernel/queue.c.obj
                0x0000000000002cbc                xQueueGenericReset
 .text.xQueueGenericCreate
                0x0000000000002de0       0x9e CMakeFiles/Orion.elf.dir/__/rtos/freertos/freertos-kernel/queue.c.obj
                0x0000000000002de0                xQueueGenericCreate
 .text.prvInitialiseNewQueue
                0x0000000000002e7e       0x46 CMakeFiles/Orion.elf.dir/__/rtos/freertos/freertos-kernel/queue.c.obj
 .text.prvInitialiseMutex
                0x0000000000002ec4       0x34 CMakeFiles/Orion.elf.dir/__/rtos/freertos/freertos-kernel/queue.c.obj
 .text.xQueueCreateMutex
                0x0000000000002ef8       0x30 CMakeFiles/Orion.elf.dir/__/rtos/freertos/freertos-kernel/queue.c.obj
                0x0000000000002ef8                xQueueCreateMutex
 .text.xQueueGenericSend
                0x0000000000002f28      0x204 CMakeFiles/Orion.elf.dir/__/rtos/freertos/freertos-kernel/queue.c.obj
                0x0000000000002f28                xQueueGenericSend
 .text.xQueueReceive
                0x000000000000312c      0x1c4 CMakeFiles/Orion.elf.dir/__/rtos/freertos/freertos-kernel/queue.c.obj
                0x000000000000312c                xQueueReceive
 .text.xQueueSemaphoreTake
                0x00000000000032f0      0x224 CMakeFiles/Orion.elf.dir/__/rtos/freertos/freertos-kernel/queue.c.obj
                0x00000000000032f0                xQueueSemaphoreTake
 .text.prvGetDisinheritPriorityAfterTimeout
                0x0000000000003514       0x30 CMakeFiles/Orion.elf.dir/__/rtos/freertos/freertos-kernel/queue.c.obj
 .text.prvCopyDataToQueue
                0x0000000000003544       0xd4 CMakeFiles/Orion.elf.dir/__/rtos/freertos/freertos-kernel/queue.c.obj
 .text.prvCopyDataFromQueue
                0x0000000000003618       0x4c CMakeFiles/Orion.elf.dir/__/rtos/freertos/freertos-kernel/queue.c.obj
 .text.prvUnlockQueue
                0x0000000000003664       0xa4 CMakeFiles/Orion.elf.dir/__/rtos/freertos/freertos-kernel/queue.c.obj
 .text.prvIsQueueEmpty
                0x0000000000003708       0x2c CMakeFiles/Orion.elf.dir/__/rtos/freertos/freertos-kernel/queue.c.obj
 .text.prvIsQueueFull
                0x0000000000003734       0x30 CMakeFiles/Orion.elf.dir/__/rtos/freertos/freertos-kernel/queue.c.obj
 .text.vQueueAddToRegistry
                0x0000000000003764       0xa0 CMakeFiles/Orion.elf.dir/__/rtos/freertos/freertos-kernel/queue.c.obj
                0x0000000000003764                vQueueAddToRegistry
 .text.vQueueWaitForMessageRestricted
                0x0000000000003804       0x68 CMakeFiles/Orion.elf.dir/__/rtos/freertos/freertos-kernel/queue.c.obj
                0x0000000000003804                vQueueWaitForMessageRestricted
 .text.xTaskCreate
                0x000000000000386c       0x8c CMakeFiles/Orion.elf.dir/__/rtos/freertos/freertos-kernel/tasks.c.obj
                0x000000000000386c                xTaskCreate
 .text.prvInitialiseNewTask
                0x00000000000038f8      0x126 CMakeFiles/Orion.elf.dir/__/rtos/freertos/freertos-kernel/tasks.c.obj
 *fill*         0x0000000000003a1e        0x2 
 .text.prvAddNewTaskToReadyList
                0x0000000000003a20      0x12c CMakeFiles/Orion.elf.dir/__/rtos/freertos/freertos-kernel/tasks.c.obj
 .text.vTaskStartScheduler
                0x0000000000003b4c       0xa4 CMakeFiles/Orion.elf.dir/__/rtos/freertos/freertos-kernel/tasks.c.obj
                0x0000000000003b4c                vTaskStartScheduler
 .text.vTaskSuspendAll
                0x0000000000003bf0       0x1c CMakeFiles/Orion.elf.dir/__/rtos/freertos/freertos-kernel/tasks.c.obj
                0x0000000000003bf0                vTaskSuspendAll
 .text.xTaskResumeAll
                0x0000000000003c0c      0x1f8 CMakeFiles/Orion.elf.dir/__/rtos/freertos/freertos-kernel/tasks.c.obj
                0x0000000000003c0c                xTaskResumeAll
 .text.xTaskGetTickCount
                0x0000000000003e04       0x20 CMakeFiles/Orion.elf.dir/__/rtos/freertos/freertos-kernel/tasks.c.obj
                0x0000000000003e04                xTaskGetTickCount
 .text.xTaskIncrementTick
                0x0000000000003e24      0x214 CMakeFiles/Orion.elf.dir/__/rtos/freertos/freertos-kernel/tasks.c.obj
                0x0000000000003e24                xTaskIncrementTick
 .text.vTaskSwitchContext
                0x0000000000004038       0xb8 CMakeFiles/Orion.elf.dir/__/rtos/freertos/freertos-kernel/tasks.c.obj
                0x0000000000004038                vTaskSwitchContext
 .text.vTaskPlaceOnEventList
                0x00000000000040f0       0x4c CMakeFiles/Orion.elf.dir/__/rtos/freertos/freertos-kernel/tasks.c.obj
                0x00000000000040f0                vTaskPlaceOnEventList
 .text.vTaskPlaceOnEventListRestricted
                0x000000000000413c       0x8c CMakeFiles/Orion.elf.dir/__/rtos/freertos/freertos-kernel/tasks.c.obj
                0x000000000000413c                vTaskPlaceOnEventListRestricted
 .text.xTaskRemoveFromEventList
                0x00000000000041c8      0x1b0 CMakeFiles/Orion.elf.dir/__/rtos/freertos/freertos-kernel/tasks.c.obj
                0x00000000000041c8                xTaskRemoveFromEventList
 .text.vTaskInternalSetTimeOutState
                0x0000000000004378       0x2c CMakeFiles/Orion.elf.dir/__/rtos/freertos/freertos-kernel/tasks.c.obj
                0x0000000000004378                vTaskInternalSetTimeOutState
 .text.xTaskCheckForTimeOut
                0x00000000000043a4       0xd0 CMakeFiles/Orion.elf.dir/__/rtos/freertos/freertos-kernel/tasks.c.obj
                0x00000000000043a4                xTaskCheckForTimeOut
 .text.vTaskMissedYield
                0x0000000000004474       0x18 CMakeFiles/Orion.elf.dir/__/rtos/freertos/freertos-kernel/tasks.c.obj
                0x0000000000004474                vTaskMissedYield
 .text.prvIdleTask
                0x000000000000448c       0x30 CMakeFiles/Orion.elf.dir/__/rtos/freertos/freertos-kernel/tasks.c.obj
 .text.prvInitialiseTaskLists
                0x00000000000044bc       0x80 CMakeFiles/Orion.elf.dir/__/rtos/freertos/freertos-kernel/tasks.c.obj
 .text.prvCheckTasksWaitingTermination
                0x000000000000453c       0x5c CMakeFiles/Orion.elf.dir/__/rtos/freertos/freertos-kernel/tasks.c.obj
 .text.prvDeleteTCB
                0x0000000000004598       0x20 CMakeFiles/Orion.elf.dir/__/rtos/freertos/freertos-kernel/tasks.c.obj
 .text.prvResetNextTaskUnblockTime
                0x00000000000045b8       0x38 CMakeFiles/Orion.elf.dir/__/rtos/freertos/freertos-kernel/tasks.c.obj
 .text.xTaskGetSchedulerState
                0x00000000000045f0       0x3c CMakeFiles/Orion.elf.dir/__/rtos/freertos/freertos-kernel/tasks.c.obj
                0x00000000000045f0                xTaskGetSchedulerState
 .text.xTaskPriorityInherit
                0x000000000000462c      0x13c CMakeFiles/Orion.elf.dir/__/rtos/freertos/freertos-kernel/tasks.c.obj
                0x000000000000462c                xTaskPriorityInherit
 .text.xTaskPriorityDisinherit
                0x0000000000004768      0x14c CMakeFiles/Orion.elf.dir/__/rtos/freertos/freertos-kernel/tasks.c.obj
                0x0000000000004768                xTaskPriorityDisinherit
 .text.vTaskPriorityDisinheritAfterTimeout
                0x00000000000048b4      0x174 CMakeFiles/Orion.elf.dir/__/rtos/freertos/freertos-kernel/tasks.c.obj
                0x00000000000048b4                vTaskPriorityDisinheritAfterTimeout
 .text.pvTaskIncrementMutexHeldCount
                0x0000000000004a28       0x28 CMakeFiles/Orion.elf.dir/__/rtos/freertos/freertos-kernel/tasks.c.obj
                0x0000000000004a28                pvTaskIncrementMutexHeldCount
 .text.prvAddCurrentTaskToDelayedList
                0x0000000000004a50      0x100 CMakeFiles/Orion.elf.dir/__/rtos/freertos/freertos-kernel/tasks.c.obj
 .text.xTimerCreateTimerTask
                0x0000000000004b50       0x64 CMakeFiles/Orion.elf.dir/__/rtos/freertos/freertos-kernel/timers.c.obj
                0x0000000000004b50                xTimerCreateTimerTask
 .text.prvReloadTimer
                0x0000000000004bb4       0x42 CMakeFiles/Orion.elf.dir/__/rtos/freertos/freertos-kernel/timers.c.obj
 *fill*         0x0000000000004bf6        0x2 
 .text.prvProcessExpiredTimer
                0x0000000000004bf8       0x60 CMakeFiles/Orion.elf.dir/__/rtos/freertos/freertos-kernel/timers.c.obj
 .text.prvTimerTask
                0x0000000000004c58       0x26 CMakeFiles/Orion.elf.dir/__/rtos/freertos/freertos-kernel/timers.c.obj
 *fill*         0x0000000000004c7e        0x2 
 .text.prvProcessTimerOrBlockTask
                0x0000000000004c80       0x9c CMakeFiles/Orion.elf.dir/__/rtos/freertos/freertos-kernel/timers.c.obj
 .text.prvGetNextExpireTime
                0x0000000000004d1c       0x48 CMakeFiles/Orion.elf.dir/__/rtos/freertos/freertos-kernel/timers.c.obj
 .text.prvSampleTimeNow
                0x0000000000004d64       0x40 CMakeFiles/Orion.elf.dir/__/rtos/freertos/freertos-kernel/timers.c.obj
 .text.prvInsertTimerInActiveList
                0x0000000000004da4       0x84 CMakeFiles/Orion.elf.dir/__/rtos/freertos/freertos-kernel/timers.c.obj
 .text.prvProcessReceivedCommands
                0x0000000000004e28      0x1bc CMakeFiles/Orion.elf.dir/__/rtos/freertos/freertos-kernel/timers.c.obj
 .text.prvSwitchTimerLists
                0x0000000000004fe4       0x4c CMakeFiles/Orion.elf.dir/__/rtos/freertos/freertos-kernel/timers.c.obj
 .text.prvCheckForValidListAndQueue
                0x0000000000005030       0x6c CMakeFiles/Orion.elf.dir/__/rtos/freertos/freertos-kernel/timers.c.obj
 .text.PrintGetWidth
                0x000000000000509c       0x6a CMakeFiles/Orion.elf.dir/__/devices/MIMXRT1062/utilities/str/fsl_str.c.obj
 .text.PrintGetPrecision
                0x0000000000005106       0x8c CMakeFiles/Orion.elf.dir/__/devices/MIMXRT1062/utilities/str/fsl_str.c.obj
 .text.PrintIsobpu
                0x0000000000005192       0x38 CMakeFiles/Orion.elf.dir/__/devices/MIMXRT1062/utilities/str/fsl_str.c.obj
 .text.PrintIsdi
                0x00000000000051ca       0x2c CMakeFiles/Orion.elf.dir/__/devices/MIMXRT1062/utilities/str/fsl_str.c.obj
 .text.PrintOutputdifFobpu
                0x00000000000051f6       0x44 CMakeFiles/Orion.elf.dir/__/devices/MIMXRT1062/utilities/str/fsl_str.c.obj
 .text.PrintOutputxX
                0x000000000000523a       0x44 CMakeFiles/Orion.elf.dir/__/devices/MIMXRT1062/utilities/str/fsl_str.c.obj
 .text.PrintIsfF
                0x000000000000527e       0x2c CMakeFiles/Orion.elf.dir/__/devices/MIMXRT1062/utilities/str/fsl_str.c.obj
 .text.PrintIsxX
                0x00000000000052aa       0x2c CMakeFiles/Orion.elf.dir/__/devices/MIMXRT1062/utilities/str/fsl_str.c.obj
 .text.PrintFilterLengthFlag
                0x00000000000052d6       0x3e CMakeFiles/Orion.elf.dir/__/devices/MIMXRT1062/utilities/str/fsl_str.c.obj
 .text.PrintGetRadixFromobpu
                0x0000000000005314       0x40 CMakeFiles/Orion.elf.dir/__/devices/MIMXRT1062/utilities/str/fsl_str.c.obj
 .text.ConvertRadixNumToString
                0x0000000000005354       0xc2 CMakeFiles/Orion.elf.dir/__/devices/MIMXRT1062/utilities/str/fsl_str.c.obj
 .text.StrFormatPrintf
                0x0000000000005416      0x2ac CMakeFiles/Orion.elf.dir/__/devices/MIMXRT1062/utilities/str/fsl_str.c.obj
                0x0000000000005416                StrFormatPrintf
 *fill*         0x00000000000056c2        0x2 
 .text.DbgConsole_SendDataReliable
                0x00000000000056c4       0x54 CMakeFiles/Orion.elf.dir/__/devices/MIMXRT1062/utilities/debug_console/fsl_debug_console.c.obj
                0x00000000000056c4                DbgConsole_SendDataReliable
 .text.DbgConsole_PrintCallback
                0x0000000000005718       0x66 CMakeFiles/Orion.elf.dir/__/devices/MIMXRT1062/utilities/debug_console/fsl_debug_console.c.obj
 *fill*         0x000000000000577e        0x2 
 .text.DbgConsole_Init
                0x0000000000005780      0x12c CMakeFiles/Orion.elf.dir/__/devices/MIMXRT1062/utilities/debug_console/fsl_debug_console.c.obj
                0x0000000000005780                DbgConsole_Init
 .text.DbgConsole_Printf
                0x00000000000058ac       0x2c CMakeFiles/Orion.elf.dir/__/devices/MIMXRT1062/utilities/debug_console/fsl_debug_console.c.obj
                0x00000000000058ac                DbgConsole_Printf
 .text.DbgConsole_Vprintf
                0x00000000000058d8       0x6c CMakeFiles/Orion.elf.dir/__/devices/MIMXRT1062/utilities/debug_console/fsl_debug_console.c.obj
                0x00000000000058d8                DbgConsole_Vprintf
 .text.DisableGlobalIRQ
                0x0000000000005944       0x22 CMakeFiles/Orion.elf.dir/__/components/serial_manager/fsl_component_serial_manager.c.obj
 .text.EnableGlobalIRQ
                0x0000000000005966       0x20 CMakeFiles/Orion.elf.dir/__/components/serial_manager/fsl_component_serial_manager.c.obj
 .text.SerialManager_StartWriting
                0x0000000000005986       0x38 CMakeFiles/Orion.elf.dir/__/components/serial_manager/fsl_component_serial_manager.c.obj
 .text.SerialManager_Write
                0x00000000000059be       0x44 CMakeFiles/Orion.elf.dir/__/components/serial_manager/fsl_component_serial_manager.c.obj
 .text.SerialManager_Init
                0x0000000000005a02       0x60 CMakeFiles/Orion.elf.dir/__/components/serial_manager/fsl_component_serial_manager.c.obj
                0x0000000000005a02                SerialManager_Init
 .text.SerialManager_OpenWriteHandle
                0x0000000000005a62       0x50 CMakeFiles/Orion.elf.dir/__/components/serial_manager/fsl_component_serial_manager.c.obj
                0x0000000000005a62                SerialManager_OpenWriteHandle
 .text.SerialManager_OpenReadHandle
                0x0000000000005ab2       0x60 CMakeFiles/Orion.elf.dir/__/components/serial_manager/fsl_component_serial_manager.c.obj
                0x0000000000005ab2                SerialManager_OpenReadHandle
 .text.SerialManager_WriteBlocking
                0x0000000000005b12       0x20 CMakeFiles/Orion.elf.dir/__/components/serial_manager/fsl_component_serial_manager.c.obj
                0x0000000000005b12                SerialManager_WriteBlocking
 .text.Serial_UartInit
                0x0000000000005b32       0x3e CMakeFiles/Orion.elf.dir/__/components/serial_manager/fsl_component_serial_port_uart.c.obj
                0x0000000000005b32                Serial_UartInit
 .text.Serial_UartWrite
                0x0000000000005b70       0x38 CMakeFiles/Orion.elf.dir/__/components/serial_manager/fsl_component_serial_port_uart.c.obj
                0x0000000000005b70                Serial_UartWrite
 .text._SDK_AtomicLocalClearAndSet4Byte
                0x0000000000005ba8       0x50 CMakeFiles/Orion.elf.dir/__/devices/MIMXRT1062/drivers/fsl_lpuart.c.obj
 .text.CLOCK_ControlGate
                0x0000000000005bf8       0x70 CMakeFiles/Orion.elf.dir/__/devices/MIMXRT1062/drivers/fsl_lpuart.c.obj
 .text.CLOCK_EnableClock
                0x0000000000005c68       0x1e CMakeFiles/Orion.elf.dir/__/devices/MIMXRT1062/drivers/fsl_lpuart.c.obj
 .text.LPUART_SoftwareReset
                0x0000000000005c86       0x2c CMakeFiles/Orion.elf.dir/__/devices/MIMXRT1062/drivers/fsl_lpuart.c.obj
 *fill*         0x0000000000005cb2        0x2 
 .text.LPUART_GetInstance
                0x0000000000005cb4       0x58 CMakeFiles/Orion.elf.dir/__/devices/MIMXRT1062/drivers/fsl_lpuart.c.obj
                0x0000000000005cb4                LPUART_GetInstance
 .text.LPUART_Init
                0x0000000000005d0c      0x338 CMakeFiles/Orion.elf.dir/__/devices/MIMXRT1062/drivers/fsl_lpuart.c.obj
                0x0000000000005d0c                LPUART_Init
 .text.LPUART_GetDefaultConfig
                0x0000000000006044       0x98 CMakeFiles/Orion.elf.dir/__/devices/MIMXRT1062/drivers/fsl_lpuart.c.obj
                0x0000000000006044                LPUART_GetDefaultConfig
 .text.LPUART_WriteBlocking
                0x00000000000060dc       0x78 CMakeFiles/Orion.elf.dir/__/devices/MIMXRT1062/drivers/fsl_lpuart.c.obj
                0x00000000000060dc                LPUART_WriteBlocking
 .text.LPUART1_DriverIRQHandler
                0x0000000000006154       0x28 CMakeFiles/Orion.elf.dir/__/devices/MIMXRT1062/drivers/fsl_lpuart.c.obj
                0x0000000000006154                LPUART1_DriverIRQHandler
 .text.LPUART2_DriverIRQHandler
                0x000000000000617c       0x28 CMakeFiles/Orion.elf.dir/__/devices/MIMXRT1062/drivers/fsl_lpuart.c.obj
                0x000000000000617c                LPUART2_DriverIRQHandler
 .text.LPUART3_DriverIRQHandler
                0x00000000000061a4       0x28 CMakeFiles/Orion.elf.dir/__/devices/MIMXRT1062/drivers/fsl_lpuart.c.obj
                0x00000000000061a4                LPUART3_DriverIRQHandler
 .text.LPUART4_DriverIRQHandler
                0x00000000000061cc       0x28 CMakeFiles/Orion.elf.dir/__/devices/MIMXRT1062/drivers/fsl_lpuart.c.obj
                0x00000000000061cc                LPUART4_DriverIRQHandler
 .text.LPUART5_DriverIRQHandler
                0x00000000000061f4       0x28 CMakeFiles/Orion.elf.dir/__/devices/MIMXRT1062/drivers/fsl_lpuart.c.obj
                0x00000000000061f4                LPUART5_DriverIRQHandler
 .text.LPUART6_DriverIRQHandler
                0x000000000000621c       0x28 CMakeFiles/Orion.elf.dir/__/devices/MIMXRT1062/drivers/fsl_lpuart.c.obj
                0x000000000000621c                LPUART6_DriverIRQHandler
 .text.LPUART7_DriverIRQHandler
                0x0000000000006244       0x28 CMakeFiles/Orion.elf.dir/__/devices/MIMXRT1062/drivers/fsl_lpuart.c.obj
                0x0000000000006244                LPUART7_DriverIRQHandler
 .text.LPUART8_DriverIRQHandler
                0x000000000000626c       0x28 CMakeFiles/Orion.elf.dir/__/devices/MIMXRT1062/drivers/fsl_lpuart.c.obj
                0x000000000000626c                LPUART8_DriverIRQHandler
 .text.HAL_UartGetStatus
                0x0000000000006294       0x28 CMakeFiles/Orion.elf.dir/__/components/uart/fsl_adapter_lpuart.c.obj
 .text.HAL_UartInitCommon
                0x00000000000062bc       0xe0 CMakeFiles/Orion.elf.dir/__/components/uart/fsl_adapter_lpuart.c.obj
 .text.HAL_UartInit
                0x000000000000639c       0xac CMakeFiles/Orion.elf.dir/__/components/uart/fsl_adapter_lpuart.c.obj
                0x000000000000639c                HAL_UartInit
 .text.HAL_UartSendBlocking
                0x0000000000006448       0x84 CMakeFiles/Orion.elf.dir/__/components/uart/fsl_adapter_lpuart.c.obj
                0x0000000000006448                HAL_UartSendBlocking
 .text.SystemInit
                0x00000000000064cc      0x138 CMakeFiles/Orion.elf.dir/__/devices/MIMXRT1062/system_MIMXRT1062.c.obj
                0x00000000000064cc                SystemInit
 .text.SystemInitHook
                0x0000000000006604        0xe CMakeFiles/Orion.elf.dir/__/devices/MIMXRT1062/system_MIMXRT1062.c.obj
                0x0000000000006604                SystemInitHook
 *fill*         0x0000000000006612        0x2 
 .text.__assert_func
                0x0000000000006614       0x28 CMakeFiles/Orion.elf.dir/__/devices/MIMXRT1062/utilities/fsl_assert.c.obj
                0x0000000000006614                __assert_func
 .text._sbrk    0x000000000000663c       0x68 CMakeFiles/Orion.elf.dir/__/devices/MIMXRT1062/utilities/fsl_sbrk.c.obj
                0x000000000000663c                _sbrk
 .text.atexit   0x00000000000066a4        0xc /usr/lib/gcc/arm-none-eabi/12.2.0/../../../../arm-none-eabi/lib/thumb/v7e-m+dp/hard/libc_nano.a(lib_a-atexit.o)
                0x00000000000066a4                atexit
 .text.__errno  0x00000000000066b0        0xc /usr/lib/gcc/arm-none-eabi/12.2.0/../../../../arm-none-eabi/lib/thumb/v7e-m+dp/hard/libc_nano.a(lib_a-errno.o)
                0x00000000000066b0                __errno
 .text.exit     0x00000000000066bc       0x28 /usr/lib/gcc/arm-none-eabi/12.2.0/../../../../arm-none-eabi/lib/thumb/v7e-m+dp/hard/libc_nano.a(lib_a-exit.o)
                0x00000000000066bc                exit
 .text.__libc_fini_array
                0x00000000000066e4       0x28 /usr/lib/gcc/arm-none-eabi/12.2.0/../../../../arm-none-eabi/lib/thumb/v7e-m+dp/hard/libc_nano.a(lib_a-fini.o)
                0x00000000000066e4                __libc_fini_array
 .text.__libc_init_array
                0x000000000000670c       0x48 /usr/lib/gcc/arm-none-eabi/12.2.0/../../../../arm-none-eabi/lib/thumb/v7e-m+dp/hard/libc_nano.a(lib_a-init.o)
                0x000000000000670c                __libc_init_array
 .text.malloc   0x0000000000006754       0x10 /usr/lib/gcc/arm-none-eabi/12.2.0/../../../../arm-none-eabi/lib/thumb/v7e-m+dp/hard/libc_nano.a(lib_a-malloc.o)
                0x0000000000006754                malloc
 .text.memset   0x0000000000006764       0x10 /usr/lib/gcc/arm-none-eabi/12.2.0/../../../../arm-none-eabi/lib/thumb/v7e-m+dp/hard/libc_nano.a(lib_a-memset.o)
                0x0000000000006764                memset
 .text._malloc_r
                0x0000000000006774       0xb4 /usr/lib/gcc/arm-none-eabi/12.2.0/../../../../arm-none-eabi/lib/thumb/v7e-m+dp/hard/libc_nano.a(lib_a-nano-mallocr.o)
                0x0000000000006774                _malloc_r
 .text._sbrk_r  0x0000000000006828       0x20 /usr/lib/gcc/arm-none-eabi/12.2.0/../../../../arm-none-eabi/lib/thumb/v7e-m+dp/hard/libc_nano.a(lib_a-sbrkr.o)
                0x0000000000006828                _sbrk_r
 .text.__register_exitproc
                0x0000000000006848       0x9c /usr/lib/gcc/arm-none-eabi/12.2.0/../../../../arm-none-eabi/lib/thumb/v7e-m+dp/hard/libc_nano.a(lib_a-__atexit.o)
                0x0000000000006848                __register_exitproc
 .text.__call_exitprocs
                0x00000000000068e4       0xa4 /usr/lib/gcc/arm-none-eabi/12.2.0/../../../../arm-none-eabi/lib/thumb/v7e-m+dp/hard/libc_nano.a(lib_a-__call_atexit.o)
                0x00000000000068e4                __call_exitprocs
 .text.__malloc_lock
                0x0000000000006988        0x2 /usr/lib/gcc/arm-none-eabi/12.2.0/../../../../arm-none-eabi/lib/thumb/v7e-m+dp/hard/libc_nano.a(lib_a-mlock.o)
                0x0000000000006988                __malloc_lock
 .text.__malloc_unlock
                0x000000000000698a        0x2 /usr/lib/gcc/arm-none-eabi/12.2.0/../../../../arm-none-eabi/lib/thumb/v7e-m+dp/hard/libc_nano.a(lib_a-mlock.o)
                0x000000000000698a                __malloc_unlock
 .text._exit    0x000000000000698c        0x4 /usr/lib/gcc/arm-none-eabi/12.2.0/../../../../arm-none-eabi/lib/thumb/v7e-m+dp/hard/libnosys.a(_exit.o)
                0x000000000000698c                _exit
 *(.rodata)
 .rodata        0x0000000000006990       0x49 CMakeFiles/Orion.elf.dir/Orion.cpp.obj
 *fill*         0x00000000000069d9        0x3 
 .rodata        0x00000000000069dc      0x128 CMakeFiles/Orion.elf.dir/coreSystem/src/CoreSystemServices.c.obj
 .rodata        0x0000000000006b04       0x75 CMakeFiles/Orion.elf.dir/__/devices/MIMXRT1062/project_template/clock_config.c.obj
 *fill*         0x0000000000006b79        0x3 
 .rodata        0x0000000000006b7c       0x82 CMakeFiles/Orion.elf.dir/__/devices/MIMXRT1062/drivers/fsl_clock.c.obj
 *fill*         0x0000000000006bfe        0x2 
 .rodata        0x0000000000006c00       0x24 CMakeFiles/Orion.elf.dir/__/rtos/freertos/freertos-kernel/tasks.c.obj
                0x0000000000006c08                portArch_Name
                0x0000000000006c0c                FreeRTOSDebugConfig
 .rodata        0x0000000000006c24        0xd CMakeFiles/Orion.elf.dir/__/rtos/freertos/freertos-kernel/timers.c.obj
 *fill*         0x0000000000006c31        0x3 
 .rodata        0x0000000000006c34      0x256 CMakeFiles/Orion.elf.dir/__/devices/MIMXRT1062/drivers/fsl_lpuart.c.obj
 *fill*         0x0000000000006e8a        0x2 
 .rodata        0x0000000000006e8c       0xfc CMakeFiles/Orion.elf.dir/__/components/uart/fsl_adapter_lpuart.c.obj
 .rodata        0x0000000000006f88       0x3e CMakeFiles/Orion.elf.dir/__/devices/MIMXRT1062/utilities/fsl_assert.c.obj
 *(.rodata*)
 *fill*         0x0000000000006fc6        0x2 
 .rodata.armPllConfig_BOARD_BootClockRUN
                0x0000000000006fc8        0x8 CMakeFiles/Orion.elf.dir/__/devices/MIMXRT1062/project_template/clock_config.c.obj
                0x0000000000006fc8                armPllConfig_BOARD_BootClockRUN
 .rodata.sysPllConfig_BOARD_BootClockRUN
                0x0000000000006fd0       0x14 CMakeFiles/Orion.elf.dir/__/devices/MIMXRT1062/project_template/clock_config.c.obj
                0x0000000000006fd0                sysPllConfig_BOARD_BootClockRUN
 .rodata.enetPllConfig_BOARD_BootClockRUN
                0x0000000000006fe4        0x6 CMakeFiles/Orion.elf.dir/__/devices/MIMXRT1062/project_template/clock_config.c.obj
                0x0000000000006fe4                enetPllConfig_BOARD_BootClockRUN
 *fill*         0x0000000000006fea        0x2 
 .rodata.__func__.2
                0x0000000000006fec       0x12 CMakeFiles/Orion.elf.dir/__/devices/MIMXRT1062/project_template/clock_config.c.obj
 *fill*         0x0000000000006ffe        0x2 
 .rodata.__func__.1
                0x0000000000007000        0xd CMakeFiles/Orion.elf.dir/__/devices/MIMXRT1062/project_template/clock_config.c.obj
 *fill*         0x000000000000700d        0x3 
 .rodata.__func__.0
                0x0000000000007010        0xd CMakeFiles/Orion.elf.dir/__/devices/MIMXRT1062/project_template/clock_config.c.obj
 *fill*         0x000000000000701d        0x3 
 .rodata.__func__.8
                0x0000000000007020       0x16 CMakeFiles/Orion.elf.dir/__/devices/MIMXRT1062/drivers/fsl_clock.c.obj
 *fill*         0x0000000000007036        0x2 
 .rodata.__func__.2
                0x0000000000007038       0x11 CMakeFiles/Orion.elf.dir/__/devices/MIMXRT1062/drivers/fsl_clock.c.obj
 *fill*         0x0000000000007049        0x3 
 .rodata.enetRefClkFreq.1
                0x000000000000704c       0x10 CMakeFiles/Orion.elf.dir/__/devices/MIMXRT1062/drivers/fsl_clock.c.obj
 .rodata.s_lpuartBases
                0x000000000000705c       0x24 CMakeFiles/Orion.elf.dir/__/devices/MIMXRT1062/drivers/fsl_lpuart.c.obj
 .rodata.s_lpuartClock
                0x0000000000007080       0x12 CMakeFiles/Orion.elf.dir/__/devices/MIMXRT1062/drivers/fsl_lpuart.c.obj
 *fill*         0x0000000000007092        0x2 
 .rodata.__func__.22
                0x0000000000007094       0x13 CMakeFiles/Orion.elf.dir/__/devices/MIMXRT1062/drivers/fsl_lpuart.c.obj
 *fill*         0x00000000000070a7        0x1 
 .rodata.__func__.17
                0x00000000000070a8        0xc CMakeFiles/Orion.elf.dir/__/devices/MIMXRT1062/drivers/fsl_lpuart.c.obj
 .rodata.__func__.16
                0x00000000000070b4       0x12 CMakeFiles/Orion.elf.dir/__/devices/MIMXRT1062/drivers/fsl_lpuart.c.obj
 *fill*         0x00000000000070c6        0x2 
 .rodata.__func__.15
                0x00000000000070c8       0x18 CMakeFiles/Orion.elf.dir/__/devices/MIMXRT1062/drivers/fsl_lpuart.c.obj
 .rodata.__func__.11
                0x00000000000070e0       0x15 CMakeFiles/Orion.elf.dir/__/devices/MIMXRT1062/drivers/fsl_lpuart.c.obj
 *fill*         0x00000000000070f5        0x3 
 .rodata.s_LpuartAdapterBase
                0x00000000000070f8       0x24 CMakeFiles/Orion.elf.dir/__/components/uart/fsl_adapter_lpuart.c.obj
 .rodata.__func__.4
                0x000000000000711c        0xd CMakeFiles/Orion.elf.dir/__/components/uart/fsl_adapter_lpuart.c.obj
 *fill*         0x0000000000007129        0x3 
 .rodata.__func__.1
                0x000000000000712c       0x15 CMakeFiles/Orion.elf.dir/__/components/uart/fsl_adapter_lpuart.c.obj
 *fill*         0x0000000000007141        0x3 
 .rodata._global_impure_ptr
                0x0000000000007144        0x4 /usr/lib/gcc/arm-none-eabi/12.2.0/../../../../arm-none-eabi/lib/thumb/v7e-m+dp/hard/libc_nano.a(lib_a-impure.o)
                0x0000000000007144                _global_impure_ptr
 *(CodeQuickAccess)
 *(.glue_7)
 .glue_7        0x0000000000007148        0x0 linker stubs
 *(.glue_7t)
 .glue_7t       0x0000000000007148        0x0 linker stubs
 *(.eh_frame)
 .eh_frame      0x0000000000007148        0x0 /usr/lib/gcc/arm-none-eabi/12.2.0/thumb/v7e-m+dp/hard/crtbegin.o
 *(.init)
 .init          0x0000000000007148        0x4 /usr/lib/gcc/arm-none-eabi/12.2.0/thumb/v7e-m+dp/hard/crti.o
                0x0000000000007148                _init
 .init          0x000000000000714c        0x8 /usr/lib/gcc/arm-none-eabi/12.2.0/thumb/v7e-m+dp/hard/crtn.o
 *(.fini)
 .fini          0x0000000000007154        0x4 /usr/lib/gcc/arm-none-eabi/12.2.0/thumb/v7e-m+dp/hard/crti.o
                0x0000000000007154                _fini
 .fini          0x0000000000007158        0x8 /usr/lib/gcc/arm-none-eabi/12.2.0/thumb/v7e-m+dp/hard/crtn.o
                0x0000000000007160                . = ALIGN (0x4)

.vfp11_veneer   0x0000000000007160        0x0
 .vfp11_veneer  0x0000000000007160        0x0 linker stubs

.v4_bx          0x0000000000007160        0x0
 .v4_bx         0x0000000000007160        0x0 linker stubs

.iplt           0x0000000000007160        0x0
 .iplt          0x0000000000007160        0x0 /usr/lib/gcc/arm-none-eabi/12.2.0/thumb/v7e-m+dp/hard/crtbegin.o

.ARM.extab
 *(.ARM.extab* .gnu.linkonce.armextab.*)

.ARM            0x0000000000007160        0x8
                0x0000000000007160                __exidx_start = .
 *(.ARM.exidx*)
 .ARM.exidx     0x0000000000007160        0x8 /usr/lib/gcc/arm-none-eabi/12.2.0/../../../../arm-none-eabi/lib/thumb/v7e-m+dp/hard/crt0.o
                                         0x10 (size before relaxing)
                0x0000000000007168                __exidx_end = .

.rel.dyn        0x0000000000007168        0x0
 .rel.iplt      0x0000000000007168        0x0 /usr/lib/gcc/arm-none-eabi/12.2.0/thumb/v7e-m+dp/hard/crtbegin.o

.ctors          0x0000000000007168        0x0
                0x0000000000007168                __CTOR_LIST__ = .
 *crtbegin.o(.ctors)
 *crtbegin?.o(.ctors)
 *(EXCLUDE_FILE(*crtend.o *crtend?.o) .ctors)
 *(SORT_BY_NAME(.ctors.*))
 *(.ctors)
                0x0000000000007168                __CTOR_END__ = .

.dtors          0x0000000000007168        0x0
                0x0000000000007168                __DTOR_LIST__ = .
 *crtbegin.o(.dtors)
 *crtbegin?.o(.dtors)
 *(EXCLUDE_FILE(*crtend.o *crtend?.o) .dtors)
 *(SORT_BY_NAME(.dtors.*))
 *(.dtors)
                0x0000000000007168                __DTOR_END__ = .

.preinit_array  0x0000000000007168        0x0
                0x0000000000007168                PROVIDE (__preinit_array_start = .)
 *(.preinit_array*)
                0x0000000000007168                PROVIDE (__preinit_array_end = .)

.init_array     0x0000000000007168        0x4
                0x0000000000007168                PROVIDE (__init_array_start = .)
 *(SORT_BY_NAME(.init_array.*))
 *(.init_array*)
 .init_array    0x0000000000007168        0x4 /usr/lib/gcc/arm-none-eabi/12.2.0/thumb/v7e-m+dp/hard/crtbegin.o
                0x000000000000716c                PROVIDE (__init_array_end = .)

.fini_array     0x000000000000716c        0x4
                0x000000000000716c                PROVIDE (__fini_array_start = .)
 *(SORT_BY_NAME(.fini_array.*))
 *(.fini_array*)
 .fini_array    0x000000000000716c        0x4 /usr/lib/gcc/arm-none-eabi/12.2.0/thumb/v7e-m+dp/hard/crtbegin.o
                0x0000000000007170                PROVIDE (__fini_array_end = .)
                0x0000000000007170                __etext = .
                0x0000000000007170                __DATA_ROM = .
                0x0000000000000000                __VECTOR_RAM = ORIGIN (m_interrupts)
                0x0000000000000000                __RAM_VECTOR_TABLE_SIZE_BYTES = 0x0

.data           0x0000000020000000       0x70 load address 0x0000000000007170
                0x0000000020000000                . = ALIGN (0x4)
                0x0000000020000000                __DATA_RAM = .
                0x0000000020000000                __data_start__ = .
 *(m_usb_dma_init_data)
 *(.data)
 *(.data*)
 .data.uxCriticalNesting
                0x0000000020000000        0x4 CMakeFiles/Orion.elf.dir/__/rtos/freertos/freertos-kernel/portable/GCC/ARM_CM4F/port.c.obj
 .data.uxTopUsedPriority
                0x0000000020000004        0x4 CMakeFiles/Orion.elf.dir/__/rtos/freertos/freertos-kernel/tasks.c.obj
                0x0000000020000004                uxTopUsedPriority
 .data.SystemCoreClock
                0x0000000020000008        0x4 CMakeFiles/Orion.elf.dir/__/devices/MIMXRT1062/system_MIMXRT1062.c.obj
                0x0000000020000008                SystemCoreClock
 .data._impure_ptr
                0x000000002000000c        0x4 /usr/lib/gcc/arm-none-eabi/12.2.0/../../../../arm-none-eabi/lib/thumb/v7e-m+dp/hard/libc_nano.a(lib_a-impure.o)
                0x000000002000000c                _impure_ptr
 .data.impure_data
                0x0000000020000010       0x60 /usr/lib/gcc/arm-none-eabi/12.2.0/../../../../arm-none-eabi/lib/thumb/v7e-m+dp/hard/libc_nano.a(lib_a-impure.o)
 *(DataQuickAccess)
 *(.jcr*)
                0x0000000020000070                . = ALIGN (0x4)
                0x0000000020000070                __data_end__ = .
                0x00000000000071e0                __NDATA_ROM = (__DATA_ROM + (__data_end__ - __data_start__))

.tm_clone_table
                0x0000000020000070        0x0 load address 0x00000000000071e0
 .tm_clone_table
                0x0000000020000070        0x0 /usr/lib/gcc/arm-none-eabi/12.2.0/thumb/v7e-m+dp/hard/crtbegin.o
 .tm_clone_table
                0x0000000020000070        0x0 /usr/lib/gcc/arm-none-eabi/12.2.0/thumb/v7e-m+dp/hard/crtend.o

.igot.plt       0x0000000020000070        0x0 load address 0x00000000000071e0
 .igot.plt      0x0000000020000070        0x0 /usr/lib/gcc/arm-none-eabi/12.2.0/thumb/v7e-m+dp/hard/crtbegin.o

.ncache.init    0x0000000020000070        0x0 load address 0x00000000000071e0
                0x0000000020000070                __noncachedata_start__ = .
 *(NonCacheable.init)
                0x0000000020000070                . = ALIGN (0x4)
                0x0000000020000070                __noncachedata_init_end__ = .
                0x0000000020000070                . = __noncachedata_init_end__

.ncache         0x0000000020000070        0x0
 *(NonCacheable)
                0x0000000020000070                . = ALIGN (0x4)
                0x0000000020000070                __noncachedata_end__ = .
                0x00000000000071e0                __DATA_END = (__NDATA_ROM + (__noncachedata_init_end__ - __noncachedata_start__))
                0x0000000000020000                text_end = (ORIGIN (m_text) + LENGTH (m_text))
                0x0000000000000001                ASSERT ((__DATA_END <= text_end), region m_text overflowed with text and data)

.bss            0x0000000020000070     0x2b10 load address 0x00000000000071e0
                0x0000000020000070                . = ALIGN (0x4)
                0x0000000020000070                __START_BSS = .
                0x0000000020000070                __bss_start__ = .
 *(m_usb_dma_noninit_data)
 *(.bss)
 .bss           0x0000000020000070       0x1c /usr/lib/gcc/arm-none-eabi/12.2.0/thumb/v7e-m+dp/hard/crtbegin.o
 *(.bss*)
 .bss.coreSystemMembers
                0x000000002000008c       0x38 CMakeFiles/Orion.elf.dir/coreSystem/src/CoreSystemConfiguration.c.obj
                0x000000002000008c                coreSystemMembers
 .bss.serviceSemaphoreIndex
                0x00000000200000c4        0x1 CMakeFiles/Orion.elf.dir/coreSystem/src/CoreSystemConfiguration.c.obj
 *fill*         0x00000000200000c5        0x3 
 .bss.g_xtalFreq
                0x00000000200000c8        0x4 CMakeFiles/Orion.elf.dir/__/devices/MIMXRT1062/drivers/fsl_clock.c.obj
                0x00000000200000c8                g_xtalFreq
 .bss.ucHeap    0x00000000200000cc     0x2800 CMakeFiles/Orion.elf.dir/__/rtos/freertos/freertos-kernel/portable/MemMang/heap_4.c.obj
 .bss.xStart    0x00000000200028cc        0x8 CMakeFiles/Orion.elf.dir/__/rtos/freertos/freertos-kernel/portable/MemMang/heap_4.c.obj
 .bss.pxEnd     0x00000000200028d4        0x4 CMakeFiles/Orion.elf.dir/__/rtos/freertos/freertos-kernel/portable/MemMang/heap_4.c.obj
 .bss.xFreeBytesRemaining
                0x00000000200028d8        0x4 CMakeFiles/Orion.elf.dir/__/rtos/freertos/freertos-kernel/portable/MemMang/heap_4.c.obj
 .bss.xMinimumEverFreeBytesRemaining
                0x00000000200028dc        0x4 CMakeFiles/Orion.elf.dir/__/rtos/freertos/freertos-kernel/portable/MemMang/heap_4.c.obj
 .bss.xNumberOfSuccessfulAllocations
                0x00000000200028e0        0x4 CMakeFiles/Orion.elf.dir/__/rtos/freertos/freertos-kernel/portable/MemMang/heap_4.c.obj
 .bss.xNumberOfSuccessfulFrees
                0x00000000200028e4        0x4 CMakeFiles/Orion.elf.dir/__/rtos/freertos/freertos-kernel/portable/MemMang/heap_4.c.obj
 .bss.ucMaxSysCallPriority
                0x00000000200028e8        0x1 CMakeFiles/Orion.elf.dir/__/rtos/freertos/freertos-kernel/portable/GCC/ARM_CM4F/port.c.obj
 *fill*         0x00000000200028e9        0x3 
 .bss.ulMaxPRIGROUPValue
                0x00000000200028ec        0x4 CMakeFiles/Orion.elf.dir/__/rtos/freertos/freertos-kernel/portable/GCC/ARM_CM4F/port.c.obj
 .bss.xQueueRegistry
                0x00000000200028f0       0x40 CMakeFiles/Orion.elf.dir/__/rtos/freertos/freertos-kernel/queue.c.obj
                0x00000000200028f0                xQueueRegistry
 .bss.pxCurrentTCB
                0x0000000020002930        0x4 CMakeFiles/Orion.elf.dir/__/rtos/freertos/freertos-kernel/tasks.c.obj
                0x0000000020002930                pxCurrentTCB
 .bss.pxReadyTasksLists
                0x0000000020002934       0x64 CMakeFiles/Orion.elf.dir/__/rtos/freertos/freertos-kernel/tasks.c.obj
 .bss.xDelayedTaskList1
                0x0000000020002998       0x14 CMakeFiles/Orion.elf.dir/__/rtos/freertos/freertos-kernel/tasks.c.obj
 .bss.xDelayedTaskList2
                0x00000000200029ac       0x14 CMakeFiles/Orion.elf.dir/__/rtos/freertos/freertos-kernel/tasks.c.obj
 .bss.pxDelayedTaskList
                0x00000000200029c0        0x4 CMakeFiles/Orion.elf.dir/__/rtos/freertos/freertos-kernel/tasks.c.obj
 .bss.pxOverflowDelayedTaskList
                0x00000000200029c4        0x4 CMakeFiles/Orion.elf.dir/__/rtos/freertos/freertos-kernel/tasks.c.obj
 .bss.xPendingReadyList
                0x00000000200029c8       0x14 CMakeFiles/Orion.elf.dir/__/rtos/freertos/freertos-kernel/tasks.c.obj
 .bss.xTasksWaitingTermination
                0x00000000200029dc       0x14 CMakeFiles/Orion.elf.dir/__/rtos/freertos/freertos-kernel/tasks.c.obj
 .bss.uxDeletedTasksWaitingCleanUp
                0x00000000200029f0        0x4 CMakeFiles/Orion.elf.dir/__/rtos/freertos/freertos-kernel/tasks.c.obj
 .bss.xSuspendedTaskList
                0x00000000200029f4       0x14 CMakeFiles/Orion.elf.dir/__/rtos/freertos/freertos-kernel/tasks.c.obj
 .bss.uxCurrentNumberOfTasks
                0x0000000020002a08        0x4 CMakeFiles/Orion.elf.dir/__/rtos/freertos/freertos-kernel/tasks.c.obj
 .bss.xTickCount
                0x0000000020002a0c        0x4 CMakeFiles/Orion.elf.dir/__/rtos/freertos/freertos-kernel/tasks.c.obj
 .bss.uxTopReadyPriority
                0x0000000020002a10        0x4 CMakeFiles/Orion.elf.dir/__/rtos/freertos/freertos-kernel/tasks.c.obj
 .bss.xSchedulerRunning
                0x0000000020002a14        0x4 CMakeFiles/Orion.elf.dir/__/rtos/freertos/freertos-kernel/tasks.c.obj
 .bss.xPendedTicks
                0x0000000020002a18        0x4 CMakeFiles/Orion.elf.dir/__/rtos/freertos/freertos-kernel/tasks.c.obj
 .bss.xYieldPending
                0x0000000020002a1c        0x4 CMakeFiles/Orion.elf.dir/__/rtos/freertos/freertos-kernel/tasks.c.obj
 .bss.xNumOfOverflows
                0x0000000020002a20        0x4 CMakeFiles/Orion.elf.dir/__/rtos/freertos/freertos-kernel/tasks.c.obj
 .bss.uxTaskNumber
                0x0000000020002a24        0x4 CMakeFiles/Orion.elf.dir/__/rtos/freertos/freertos-kernel/tasks.c.obj
 .bss.xNextTaskUnblockTime
                0x0000000020002a28        0x4 CMakeFiles/Orion.elf.dir/__/rtos/freertos/freertos-kernel/tasks.c.obj
 .bss.xIdleTaskHandle
                0x0000000020002a2c        0x4 CMakeFiles/Orion.elf.dir/__/rtos/freertos/freertos-kernel/tasks.c.obj
 .bss.uxSchedulerSuspended
                0x0000000020002a30        0x4 CMakeFiles/Orion.elf.dir/__/rtos/freertos/freertos-kernel/tasks.c.obj
 .bss.xActiveTimerList1
                0x0000000020002a34       0x14 CMakeFiles/Orion.elf.dir/__/rtos/freertos/freertos-kernel/timers.c.obj
 .bss.xActiveTimerList2
                0x0000000020002a48       0x14 CMakeFiles/Orion.elf.dir/__/rtos/freertos/freertos-kernel/timers.c.obj
 .bss.pxCurrentTimerList
                0x0000000020002a5c        0x4 CMakeFiles/Orion.elf.dir/__/rtos/freertos/freertos-kernel/timers.c.obj
 .bss.pxOverflowTimerList
                0x0000000020002a60        0x4 CMakeFiles/Orion.elf.dir/__/rtos/freertos/freertos-kernel/timers.c.obj
 .bss.xTimerQueue
                0x0000000020002a64        0x4 CMakeFiles/Orion.elf.dir/__/rtos/freertos/freertos-kernel/timers.c.obj
 .bss.xTimerTaskHandle
                0x0000000020002a68        0x4 CMakeFiles/Orion.elf.dir/__/rtos/freertos/freertos-kernel/timers.c.obj
 .bss.xLastTime.0
                0x0000000020002a6c        0x4 CMakeFiles/Orion.elf.dir/__/rtos/freertos/freertos-kernel/timers.c.obj
 .bss.s_debugConsoleReadWaitSemaphore
                0x0000000020002a70        0x1 CMakeFiles/Orion.elf.dir/__/devices/MIMXRT1062/utilities/debug_console/fsl_debug_console.c.obj
 *fill*         0x0000000020002a71        0x3 
 .bss.s_debugConsoleState
                0x0000000020002a74       0x20 CMakeFiles/Orion.elf.dir/__/devices/MIMXRT1062/utilities/debug_console/fsl_debug_console.c.obj
 .bss.g_serialHandle
                0x0000000020002a94        0x4 CMakeFiles/Orion.elf.dir/__/devices/MIMXRT1062/utilities/debug_console/fsl_debug_console.c.obj
                0x0000000020002a94                g_serialHandle
 .bss.s_lpuartHandle
                0x0000000020002a98       0x24 CMakeFiles/Orion.elf.dir/__/devices/MIMXRT1062/drivers/fsl_lpuart.c.obj
                0x0000000020002a98                s_lpuartHandle
 .bss.s_lpuartIsr
                0x0000000020002abc       0x24 CMakeFiles/Orion.elf.dir/__/devices/MIMXRT1062/drivers/fsl_lpuart.c.obj
                0x0000000020002abc                s_lpuartIsr
 .bss.heap_end.0
                0x0000000020002ae0        0x4 CMakeFiles/Orion.elf.dir/__/devices/MIMXRT1062/utilities/fsl_sbrk.c.obj
 .bss.__malloc_free_list
                0x0000000020002ae4        0x4 /usr/lib/gcc/arm-none-eabi/12.2.0/../../../../arm-none-eabi/lib/thumb/v7e-m+dp/hard/libc_nano.a(lib_a-nano-mallocr.o)
                0x0000000020002ae4                __malloc_free_list
 .bss.__malloc_sbrk_start
                0x0000000020002ae8        0x4 /usr/lib/gcc/arm-none-eabi/12.2.0/../../../../arm-none-eabi/lib/thumb/v7e-m+dp/hard/libc_nano.a(lib_a-nano-mallocr.o)
                0x0000000020002ae8                __malloc_sbrk_start
 .bss._global_atexit0
                0x0000000020002aec       0x8c /usr/lib/gcc/arm-none-eabi/12.2.0/../../../../arm-none-eabi/lib/thumb/v7e-m+dp/hard/libc_nano.a(lib_a-__atexit.o)
 .bss._global_atexit
                0x0000000020002b78        0x4 /usr/lib/gcc/arm-none-eabi/12.2.0/../../../../arm-none-eabi/lib/thumb/v7e-m+dp/hard/libc_nano.a(lib_a-__call_atexit.o)
                0x0000000020002b78                _global_atexit
 .bss.errno     0x0000000020002b7c        0x4 /usr/lib/gcc/arm-none-eabi/12.2.0/../../../../arm-none-eabi/lib/thumb/v7e-m+dp/hard/libc_nano.a(lib_a-reent.o)
                0x0000000020002b7c                errno
 *(COMMON)
                0x0000000020002b80                . = ALIGN (0x4)
                0x0000000020002b80                __bss_end__ = .
                0x0000000020002b80                __END_BSS = .

.heap           0x0000000020002b80      0x400 load address 0x0000000000009cf0
                0x0000000020002b80                . = ALIGN (0x8)
                0x0000000020002b80                __end__ = .
                0x0000000020002b80                PROVIDE (end = .)
                0x0000000020002b80                __HeapBase = .
                0x0000000020002f80                . = (. + HEAP_SIZE)
 *fill*         0x0000000020002b80      0x400 
                0x0000000020002f80                __HeapLimit = .
                0x0000000020002f80                __heap_limit = .

.stack          0x0000000020002f80      0x400 load address 0x000000000000a0f0
                0x0000000020002f80                . = ALIGN (0x8)
                0x0000000020003380                . = (. + STACK_SIZE)
 *fill*         0x0000000020002f80      0x400 
                0x0000000020020000                __StackTop = (ORIGIN (m_data) + LENGTH (m_data))
                0x000000002001fc00                __StackLimit = (__StackTop - STACK_SIZE)
                0x0000000020020000                PROVIDE (__stack = __StackTop)

.ARM.attributes
                0x0000000000000000       0x2e
 *(.ARM.attributes)
 .ARM.attributes
                0x0000000000000000       0x20 /usr/lib/gcc/arm-none-eabi/12.2.0/thumb/v7e-m+dp/hard/crti.o
 .ARM.attributes
                0x0000000000000020       0x32 /usr/lib/gcc/arm-none-eabi/12.2.0/thumb/v7e-m+dp/hard/crtbegin.o
 .ARM.attributes
                0x0000000000000052       0x1c /usr/lib/gcc/arm-none-eabi/12.2.0/../../../../arm-none-eabi/lib/thumb/v7e-m+dp/hard/crt0.o
 .ARM.attributes
                0x000000000000006e       0x32 CMakeFiles/Orion.elf.dir/Orion.cpp.obj
 .ARM.attributes
                0x00000000000000a0       0x32 CMakeFiles/Orion.elf.dir/coreSystem/src/CoreSystem.c.obj
 .ARM.attributes
                0x00000000000000d2       0x32 CMakeFiles/Orion.elf.dir/coreSystem/src/CoreSystemConfiguration.c.obj
 .ARM.attributes
                0x0000000000000104       0x32 CMakeFiles/Orion.elf.dir/coreSystem/src/CoreSystemServices.c.obj
 .ARM.attributes
                0x0000000000000136       0x32 CMakeFiles/Orion.elf.dir/coreSystem/src/CoreSystemWatchdog.c.obj
 .ARM.attributes
                0x0000000000000168       0x32 CMakeFiles/Orion.elf.dir/__/devices/MIMXRT1062/project_template/board.c.obj
 .ARM.attributes
                0x000000000000019a       0x32 CMakeFiles/Orion.elf.dir/__/devices/MIMXRT1062/project_template/clock_config.c.obj
 .ARM.attributes
                0x00000000000001cc       0x32 CMakeFiles/Orion.elf.dir/__/devices/MIMXRT1062/project_template/pin_mux.c.obj
 .ARM.attributes
                0x00000000000001fe       0x32 CMakeFiles/Orion.elf.dir/__/devices/MIMXRT1062/drivers/fsl_clock.c.obj
 .ARM.attributes
                0x0000000000000230       0x32 CMakeFiles/Orion.elf.dir/__/rtos/freertos/freertos-kernel/portable/MemMang/heap_4.c.obj
 .ARM.attributes
                0x0000000000000262       0x32 CMakeFiles/Orion.elf.dir/__/rtos/freertos/freertos-kernel/list.c.obj
 .ARM.attributes
                0x0000000000000294       0x32 CMakeFiles/Orion.elf.dir/__/rtos/freertos/freertos-kernel/portable/GCC/ARM_CM4F/port.c.obj
 .ARM.attributes
                0x00000000000002c6       0x32 CMakeFiles/Orion.elf.dir/__/rtos/freertos/freertos-kernel/queue.c.obj
 .ARM.attributes
                0x00000000000002f8       0x32 CMakeFiles/Orion.elf.dir/__/rtos/freertos/freertos-kernel/tasks.c.obj
 .ARM.attributes
                0x000000000000032a       0x32 CMakeFiles/Orion.elf.dir/__/rtos/freertos/freertos-kernel/timers.c.obj
 .ARM.attributes
                0x000000000000035c       0x32 CMakeFiles/Orion.elf.dir/__/devices/MIMXRT1062/utilities/str/fsl_str.c.obj
 .ARM.attributes
                0x000000000000038e       0x32 CMakeFiles/Orion.elf.dir/__/devices/MIMXRT1062/utilities/debug_console/fsl_debug_console.c.obj
 .ARM.attributes
                0x00000000000003c0       0x32 CMakeFiles/Orion.elf.dir/__/components/serial_manager/fsl_component_serial_manager.c.obj
 .ARM.attributes
                0x00000000000003f2       0x32 CMakeFiles/Orion.elf.dir/__/components/serial_manager/fsl_component_serial_port_uart.c.obj
 .ARM.attributes
                0x0000000000000424       0x32 CMakeFiles/Orion.elf.dir/__/devices/MIMXRT1062/drivers/fsl_lpuart.c.obj
 .ARM.attributes
                0x0000000000000456       0x32 CMakeFiles/Orion.elf.dir/__/components/uart/fsl_adapter_lpuart.c.obj
 .ARM.attributes
                0x0000000000000488       0x1d CMakeFiles/Orion.elf.dir/__/devices/MIMXRT1062/gcc/startup_MIMXRT1062.S.obj
 .ARM.attributes
                0x00000000000004a5       0x32 CMakeFiles/Orion.elf.dir/__/devices/MIMXRT1062/system_MIMXRT1062.c.obj
 .ARM.attributes
                0x00000000000004d7       0x32 CMakeFiles/Orion.elf.dir/__/devices/MIMXRT1062/utilities/fsl_assert.c.obj
 .ARM.attributes
                0x0000000000000509       0x32 CMakeFiles/Orion.elf.dir/__/devices/MIMXRT1062/utilities/fsl_sbrk.c.obj
 .ARM.attributes
                0x000000000000053b       0x1e CMakeFiles/Orion.elf.dir/__/devices/MIMXRT1062/utilities/fsl_memcpy.S.obj
 .ARM.attributes
                0x0000000000000559       0x32 /usr/lib/gcc/arm-none-eabi/12.2.0/../../../../arm-none-eabi/lib/thumb/v7e-m+dp/hard/libc_nano.a(lib_a-atexit.o)
 .ARM.attributes
                0x000000000000058b       0x32 /usr/lib/gcc/arm-none-eabi/12.2.0/../../../../arm-none-eabi/lib/thumb/v7e-m+dp/hard/libc_nano.a(lib_a-errno.o)
 .ARM.attributes
                0x00000000000005bd       0x32 /usr/lib/gcc/arm-none-eabi/12.2.0/../../../../arm-none-eabi/lib/thumb/v7e-m+dp/hard/libc_nano.a(lib_a-exit.o)
 .ARM.attributes
                0x00000000000005ef       0x32 /usr/lib/gcc/arm-none-eabi/12.2.0/../../../../arm-none-eabi/lib/thumb/v7e-m+dp/hard/libc_nano.a(lib_a-fini.o)
 .ARM.attributes
                0x0000000000000621       0x30 /usr/lib/gcc/arm-none-eabi/12.2.0/../../../../arm-none-eabi/lib/thumb/v7e-m+dp/hard/libc_nano.a(lib_a-impure.o)
 .ARM.attributes
                0x0000000000000651       0x32 /usr/lib/gcc/arm-none-eabi/12.2.0/../../../../arm-none-eabi/lib/thumb/v7e-m+dp/hard/libc_nano.a(lib_a-init.o)
 .ARM.attributes
                0x0000000000000683       0x32 /usr/lib/gcc/arm-none-eabi/12.2.0/../../../../arm-none-eabi/lib/thumb/v7e-m+dp/hard/libc_nano.a(lib_a-malloc.o)
 .ARM.attributes
                0x00000000000006b5       0x32 /usr/lib/gcc/arm-none-eabi/12.2.0/../../../../arm-none-eabi/lib/thumb/v7e-m+dp/hard/libc_nano.a(lib_a-memset.o)
 .ARM.attributes
                0x00000000000006e7       0x32 /usr/lib/gcc/arm-none-eabi/12.2.0/../../../../arm-none-eabi/lib/thumb/v7e-m+dp/hard/libc_nano.a(lib_a-nano-mallocr.o)
 .ARM.attributes
                0x0000000000000719       0x32 /usr/lib/gcc/arm-none-eabi/12.2.0/../../../../arm-none-eabi/lib/thumb/v7e-m+dp/hard/libc_nano.a(lib_a-sbrkr.o)
 .ARM.attributes
                0x000000000000074b       0x17 /usr/lib/gcc/arm-none-eabi/12.2.0/../../../../arm-none-eabi/lib/thumb/v7e-m+dp/hard/libc_nano.a(lib_a-strlen.o)
 .ARM.attributes
                0x0000000000000762       0x32 /usr/lib/gcc/arm-none-eabi/12.2.0/../../../../arm-none-eabi/lib/thumb/v7e-m+dp/hard/libc_nano.a(lib_a-__atexit.o)
 .ARM.attributes
                0x0000000000000794       0x32 /usr/lib/gcc/arm-none-eabi/12.2.0/../../../../arm-none-eabi/lib/thumb/v7e-m+dp/hard/libc_nano.a(lib_a-__call_atexit.o)
 .ARM.attributes
                0x00000000000007c6       0x32 /usr/lib/gcc/arm-none-eabi/12.2.0/../../../../arm-none-eabi/lib/thumb/v7e-m+dp/hard/libc_nano.a(lib_a-mlock.o)
 .ARM.attributes
                0x00000000000007f8       0x32 /usr/lib/gcc/arm-none-eabi/12.2.0/../../../../arm-none-eabi/lib/thumb/v7e-m+dp/hard/libc_nano.a(lib_a-reent.o)
 .ARM.attributes
                0x000000000000082a       0x32 /usr/lib/gcc/arm-none-eabi/12.2.0/../../../../arm-none-eabi/lib/thumb/v7e-m+dp/hard/libnosys.a(_exit.o)
 .ARM.attributes
                0x000000000000085c       0x32 /usr/lib/gcc/arm-none-eabi/12.2.0/thumb/v7e-m+dp/hard/crtend.o
 .ARM.attributes
                0x000000000000088e       0x20 /usr/lib/gcc/arm-none-eabi/12.2.0/thumb/v7e-m+dp/hard/crtn.o
                0x0000000000000001                ASSERT ((__StackLimit >= __HeapLimit), region m_data overflowed with stack and heap)
OUTPUT(Orion.elf elf32-littlearm)
LOAD linker stubs

.comment        0x0000000000000000       0x46
 .comment       0x0000000000000000       0x23 /usr/lib/gcc/arm-none-eabi/12.2.0/thumb/v7e-m+dp/hard/crtbegin.o
                                         0x24 (size before relaxing)
 .comment       0x0000000000000023       0x24 CMakeFiles/Orion.elf.dir/Orion.cpp.obj
 .comment       0x0000000000000023       0x24 CMakeFiles/Orion.elf.dir/coreSystem/src/CoreSystem.c.obj
 .comment       0x0000000000000023       0x24 CMakeFiles/Orion.elf.dir/coreSystem/src/CoreSystemConfiguration.c.obj
 .comment       0x0000000000000023       0x24 CMakeFiles/Orion.elf.dir/coreSystem/src/CoreSystemServices.c.obj
 .comment       0x0000000000000023       0x24 CMakeFiles/Orion.elf.dir/coreSystem/src/CoreSystemWatchdog.c.obj
 .comment       0x0000000000000023       0x24 CMakeFiles/Orion.elf.dir/__/devices/MIMXRT1062/project_template/board.c.obj
 .comment       0x0000000000000023       0x24 CMakeFiles/Orion.elf.dir/__/devices/MIMXRT1062/project_template/clock_config.c.obj
 .comment       0x0000000000000023       0x24 CMakeFiles/Orion.elf.dir/__/devices/MIMXRT1062/project_template/pin_mux.c.obj
 .comment       0x0000000000000023       0x24 CMakeFiles/Orion.elf.dir/__/devices/MIMXRT1062/drivers/fsl_clock.c.obj
 .comment       0x0000000000000023       0x24 CMakeFiles/Orion.elf.dir/__/rtos/freertos/freertos-kernel/portable/MemMang/heap_4.c.obj
 .comment       0x0000000000000023       0x24 CMakeFiles/Orion.elf.dir/__/rtos/freertos/freertos-kernel/list.c.obj
 .comment       0x0000000000000023       0x24 CMakeFiles/Orion.elf.dir/__/rtos/freertos/freertos-kernel/portable/GCC/ARM_CM4F/port.c.obj
 .comment       0x0000000000000023       0x24 CMakeFiles/Orion.elf.dir/__/rtos/freertos/freertos-kernel/queue.c.obj
 .comment       0x0000000000000023       0x24 CMakeFiles/Orion.elf.dir/__/rtos/freertos/freertos-kernel/tasks.c.obj
 .comment       0x0000000000000023       0x24 CMakeFiles/Orion.elf.dir/__/rtos/freertos/freertos-kernel/timers.c.obj
 .comment       0x0000000000000023       0x24 CMakeFiles/Orion.elf.dir/__/devices/MIMXRT1062/utilities/str/fsl_str.c.obj
 .comment       0x0000000000000023       0x24 CMakeFiles/Orion.elf.dir/__/devices/MIMXRT1062/utilities/debug_console/fsl_debug_console.c.obj
 .comment       0x0000000000000023       0x24 CMakeFiles/Orion.elf.dir/__/components/serial_manager/fsl_component_serial_manager.c.obj
 .comment       0x0000000000000023       0x24 CMakeFiles/Orion.elf.dir/__/components/serial_manager/fsl_component_serial_port_uart.c.obj
 .comment       0x0000000000000023       0x24 CMakeFiles/Orion.elf.dir/__/devices/MIMXRT1062/drivers/fsl_lpuart.c.obj
 .comment       0x0000000000000023       0x24 CMakeFiles/Orion.elf.dir/__/components/uart/fsl_adapter_lpuart.c.obj
 .comment       0x0000000000000023       0x24 CMakeFiles/Orion.elf.dir/__/devices/MIMXRT1062/system_MIMXRT1062.c.obj
 .comment       0x0000000000000023       0x24 CMakeFiles/Orion.elf.dir/__/devices/MIMXRT1062/utilities/fsl_assert.c.obj
 .comment       0x0000000000000023       0x24 CMakeFiles/Orion.elf.dir/__/devices/MIMXRT1062/utilities/fsl_sbrk.c.obj
 .comment       0x0000000000000023       0x23 /usr/lib/gcc/arm-none-eabi/12.2.0/../../../../arm-none-eabi/lib/thumb/v7e-m+dp/hard/libc_nano.a(lib_a-atexit.o)
                                         0x24 (size before relaxing)
 .comment       0x0000000000000046       0x24 /usr/lib/gcc/arm-none-eabi/12.2.0/../../../../arm-none-eabi/lib/thumb/v7e-m+dp/hard/libc_nano.a(lib_a-errno.o)
 .comment       0x0000000000000046       0x24 /usr/lib/gcc/arm-none-eabi/12.2.0/../../../../arm-none-eabi/lib/thumb/v7e-m+dp/hard/libc_nano.a(lib_a-exit.o)
 .comment       0x0000000000000046       0x24 /usr/lib/gcc/arm-none-eabi/12.2.0/../../../../arm-none-eabi/lib/thumb/v7e-m+dp/hard/libc_nano.a(lib_a-fini.o)
 .comment       0x0000000000000046       0x24 /usr/lib/gcc/arm-none-eabi/12.2.0/../../../../arm-none-eabi/lib/thumb/v7e-m+dp/hard/libc_nano.a(lib_a-impure.o)
 .comment       0x0000000000000046       0x24 /usr/lib/gcc/arm-none-eabi/12.2.0/../../../../arm-none-eabi/lib/thumb/v7e-m+dp/hard/libc_nano.a(lib_a-init.o)
 .comment       0x0000000000000046       0x24 /usr/lib/gcc/arm-none-eabi/12.2.0/../../../../arm-none-eabi/lib/thumb/v7e-m+dp/hard/libc_nano.a(lib_a-malloc.o)
 .comment       0x0000000000000046       0x24 /usr/lib/gcc/arm-none-eabi/12.2.0/../../../../arm-none-eabi/lib/thumb/v7e-m+dp/hard/libc_nano.a(lib_a-memset.o)
 .comment       0x0000000000000046       0x24 /usr/lib/gcc/arm-none-eabi/12.2.0/../../../../arm-none-eabi/lib/thumb/v7e-m+dp/hard/libc_nano.a(lib_a-nano-mallocr.o)
 .comment       0x0000000000000046       0x24 /usr/lib/gcc/arm-none-eabi/12.2.0/../../../../arm-none-eabi/lib/thumb/v7e-m+dp/hard/libc_nano.a(lib_a-sbrkr.o)
 .comment       0x0000000000000046       0x24 /usr/lib/gcc/arm-none-eabi/12.2.0/../../../../arm-none-eabi/lib/thumb/v7e-m+dp/hard/libc_nano.a(lib_a-__atexit.o)
 .comment       0x0000000000000046       0x24 /usr/lib/gcc/arm-none-eabi/12.2.0/../../../../arm-none-eabi/lib/thumb/v7e-m+dp/hard/libc_nano.a(lib_a-__call_atexit.o)
 .comment       0x0000000000000046       0x24 /usr/lib/gcc/arm-none-eabi/12.2.0/../../../../arm-none-eabi/lib/thumb/v7e-m+dp/hard/libc_nano.a(lib_a-mlock.o)
 .comment       0x0000000000000046       0x24 /usr/lib/gcc/arm-none-eabi/12.2.0/../../../../arm-none-eabi/lib/thumb/v7e-m+dp/hard/libc_nano.a(lib_a-reent.o)
 .comment       0x0000000000000046       0x24 /usr/lib/gcc/arm-none-eabi/12.2.0/../../../../arm-none-eabi/lib/thumb/v7e-m+dp/hard/libnosys.a(_exit.o)
 .comment       0x0000000000000046       0x24 /usr/lib/gcc/arm-none-eabi/12.2.0/thumb/v7e-m+dp/hard/crtend.o

.debug_line     0x0000000000000000     0xb481
 .debug_line    0x0000000000000000       0x75 /usr/lib/gcc/arm-none-eabi/12.2.0/../../../../arm-none-eabi/lib/thumb/v7e-m+dp/hard/crt0.o
 .debug_line    0x0000000000000075      0x338 CMakeFiles/Orion.elf.dir/Orion.cpp.obj
 .debug_line    0x00000000000003ad      0x299 CMakeFiles/Orion.elf.dir/coreSystem/src/CoreSystem.c.obj